Archive member included to satisfy reference by file (symbol)

c:/program files (x86)/atollic/truestudio for stm32 9.0.1/armtools/bin/../lib/gcc/arm-atollic-eabi/6.3.1/../../../../arm-atollic-eabi/lib/armv7e-m/fpu\libc_nano.a(lib_a-errno.o)
                              Src\syscalls.o (__errno)
c:/program files (x86)/atollic/truestudio for stm32 9.0.1/armtools/bin/../lib/gcc/arm-atollic-eabi/6.3.1/../../../../arm-atollic-eabi/lib/armv7e-m/fpu\libc_nano.a(lib_a-impure.o)
                              c:/program files (x86)/atollic/truestudio for stm32 9.0.1/armtools/bin/../lib/gcc/arm-atollic-eabi/6.3.1/../../../../arm-atollic-eabi/lib/armv7e-m/fpu\libc_nano.a(lib_a-errno.o) (_impure_ptr)
c:/program files (x86)/atollic/truestudio for stm32 9.0.1/armtools/bin/../lib/gcc/arm-atollic-eabi/6.3.1/../../../../arm-atollic-eabi/lib/armv7e-m/fpu\libc_nano.a(lib_a-init.o)
                              startup\startup_stm32f303x8.o (__libc_init_array)
c:/program files (x86)/atollic/truestudio for stm32 9.0.1/armtools/bin/../lib/gcc/arm-atollic-eabi/6.3.1/../../../../arm-atollic-eabi/lib/armv7e-m/fpu\libc_nano.a(lib_a-memset.o)
                              Src\can.o (memset)
c:/program files (x86)/atollic/truestudio for stm32 9.0.1/armtools/bin/../lib/gcc/arm-atollic-eabi/6.3.1/../../../../arm-atollic-eabi/lib/armv7e-m/fpu\libc_nano.a(lib_a-printf.o)
                              Inc\CAN\CAN.o (printf)
c:/program files (x86)/atollic/truestudio for stm32 9.0.1/armtools/bin/../lib/gcc/arm-atollic-eabi/6.3.1/../../../../arm-atollic-eabi/lib/armv7e-m/fpu\libc_nano.a(lib_a-findfp.o)
                              c:/program files (x86)/atollic/truestudio for stm32 9.0.1/armtools/bin/../lib/gcc/arm-atollic-eabi/6.3.1/../../../../arm-atollic-eabi/lib/armv7e-m/fpu\libc_nano.a(lib_a-printf.o) (__sinit)
c:/program files (x86)/atollic/truestudio for stm32 9.0.1/armtools/bin/../lib/gcc/arm-atollic-eabi/6.3.1/../../../../arm-atollic-eabi/lib/armv7e-m/fpu\libc_nano.a(lib_a-fwalk.o)
                              c:/program files (x86)/atollic/truestudio for stm32 9.0.1/armtools/bin/../lib/gcc/arm-atollic-eabi/6.3.1/../../../../arm-atollic-eabi/lib/armv7e-m/fpu\libc_nano.a(lib_a-findfp.o) (_fwalk)
c:/program files (x86)/atollic/truestudio for stm32 9.0.1/armtools/bin/../lib/gcc/arm-atollic-eabi/6.3.1/../../../../arm-atollic-eabi/lib/armv7e-m/fpu\libc_nano.a(lib_a-nano-mallocr.o)
                              c:/program files (x86)/atollic/truestudio for stm32 9.0.1/armtools/bin/../lib/gcc/arm-atollic-eabi/6.3.1/../../../../arm-atollic-eabi/lib/armv7e-m/fpu\libc_nano.a(lib_a-findfp.o) (_malloc_r)
c:/program files (x86)/atollic/truestudio for stm32 9.0.1/armtools/bin/../lib/gcc/arm-atollic-eabi/6.3.1/../../../../arm-atollic-eabi/lib/armv7e-m/fpu\libc_nano.a(lib_a-nano-vfprintf.o)
                              c:/program files (x86)/atollic/truestudio for stm32 9.0.1/armtools/bin/../lib/gcc/arm-atollic-eabi/6.3.1/../../../../arm-atollic-eabi/lib/armv7e-m/fpu\libc_nano.a(lib_a-printf.o) (_vfprintf_r)
c:/program files (x86)/atollic/truestudio for stm32 9.0.1/armtools/bin/../lib/gcc/arm-atollic-eabi/6.3.1/../../../../arm-atollic-eabi/lib/armv7e-m/fpu\libc_nano.a(lib_a-nano-vfprintf_i.o)
                              c:/program files (x86)/atollic/truestudio for stm32 9.0.1/armtools/bin/../lib/gcc/arm-atollic-eabi/6.3.1/../../../../arm-atollic-eabi/lib/armv7e-m/fpu\libc_nano.a(lib_a-nano-vfprintf.o) (_printf_i)
c:/program files (x86)/atollic/truestudio for stm32 9.0.1/armtools/bin/../lib/gcc/arm-atollic-eabi/6.3.1/../../../../arm-atollic-eabi/lib/armv7e-m/fpu\libc_nano.a(lib_a-sbrkr.o)
                              c:/program files (x86)/atollic/truestudio for stm32 9.0.1/armtools/bin/../lib/gcc/arm-atollic-eabi/6.3.1/../../../../arm-atollic-eabi/lib/armv7e-m/fpu\libc_nano.a(lib_a-nano-mallocr.o) (_sbrk_r)
c:/program files (x86)/atollic/truestudio for stm32 9.0.1/armtools/bin/../lib/gcc/arm-atollic-eabi/6.3.1/../../../../arm-atollic-eabi/lib/armv7e-m/fpu\libc_nano.a(lib_a-stdio.o)
                              c:/program files (x86)/atollic/truestudio for stm32 9.0.1/armtools/bin/../lib/gcc/arm-atollic-eabi/6.3.1/../../../../arm-atollic-eabi/lib/armv7e-m/fpu\libc_nano.a(lib_a-findfp.o) (__sread)
c:/program files (x86)/atollic/truestudio for stm32 9.0.1/armtools/bin/../lib/gcc/arm-atollic-eabi/6.3.1/../../../../arm-atollic-eabi/lib/armv7e-m/fpu\libc_nano.a(lib_a-wbuf.o)
                              c:/program files (x86)/atollic/truestudio for stm32 9.0.1/armtools/bin/../lib/gcc/arm-atollic-eabi/6.3.1/../../../../arm-atollic-eabi/lib/armv7e-m/fpu\libc_nano.a(lib_a-nano-vfprintf.o) (__swbuf_r)
c:/program files (x86)/atollic/truestudio for stm32 9.0.1/armtools/bin/../lib/gcc/arm-atollic-eabi/6.3.1/../../../../arm-atollic-eabi/lib/armv7e-m/fpu\libc_nano.a(lib_a-writer.o)
[...]
Memory Configuration

Name             Origin             Length             Attributes
RAM              0x20000000         0x00003000         xrw
CCMRAM           0x10000000         0x00001000         rw
FLASH            0x08000000         0x00010000         xr
*default*        0x00000000         0xffffffff

Linker script and memory map

LOAD c:/program files (x86)/atollic/truestudio for stm32 9.0.1/armtools/bin/../lib/gcc/arm-atollic-eabi/6.3.1/armv7e-m/fpu/crti.o
LOAD c:/program files (x86)/atollic/truestudio for stm32 9.0.1/armtools/bin/../lib/gcc/arm-atollic-eabi/6.3.1/armv7e-m/fpu/crtbegin.o
LOAD Drivers\STM32F3xx_HAL_Driver\Src\stm32f3xx_hal.o
LOAD Drivers\STM32F3xx_HAL_Driver\Src\stm32f3xx_hal_can.o
LOAD Drivers\STM32F3xx_HAL_Driver\Src\stm32f3xx_hal_cortex.o
LOAD Drivers\STM32F3xx_HAL_Driver\Src\stm32f3xx_hal_dma.o
LOAD Drivers\STM32F3xx_HAL_Driver\Src\stm32f3xx_hal_flash.o
LOAD Drivers\STM32F3xx_HAL_Driver\Src\stm32f3xx_hal_flash_ex.o
LOAD Drivers\STM32F3xx_HAL_Driver\Src\stm32f3xx_hal_gpio.o
LOAD Drivers\STM32F3xx_HAL_Driver\Src\stm32f3xx_hal_i2c.o
LOAD Drivers\STM32F3xx_HAL_Driver\Src\stm32f3xx_hal_i2c_ex.o
LOAD Drivers\STM32F3xx_HAL_Driver\Src\stm32f3xx_hal_pwr.o
LOAD Drivers\STM32F3xx_HAL_Driver\Src\stm32f3xx_hal_pwr_ex.o
LOAD Drivers\STM32F3xx_HAL_Driver\Src\stm32f3xx_hal_rcc.o
LOAD Drivers\STM32F3xx_HAL_Driver\Src\stm32f3xx_hal_rcc_ex.o
LOAD Drivers\STM32F3xx_HAL_Driver\Src\stm32f3xx_hal_tim.o
LOAD Drivers\STM32F3xx_HAL_Driver\Src\stm32f3xx_hal_tim_ex.o
LOAD Drivers\STM32F3xx_HAL_Driver\Src\stm32f3xx_hal_uart.o
LOAD Drivers\STM32F3xx_HAL_Driver\Src\stm32f3xx_hal_uart_ex.o
LOAD Inc\Aircylinder\Aircylinder.o
LOAD Inc\Application\Application.o
LOAD Inc\CAN\CAN.o
LOAD Src\can.o
LOAD Src\gpio.o
LOAD Src\main.o
LOAD Src\scanf.o
LOAD Src\stm32f3xx_hal_msp.o
LOAD Src\stm32f3xx_it.o
LOAD Src\syscalls.o
LOAD Src\system_stm32f3xx.o
LOAD Src\usart.o
LOAD startup\startup_stm32f303x8.o
                0x00001000                malloc_getpagesize_P = 0x1000
START GROUP
LOAD c:/program files (x86)/atollic/truestudio for stm32 9.0.1/armtools/bin/../lib/gcc/arm-atollic-eabi/6.3.1/../../../../arm-atollic-eabi/lib/armv7e-m/fpu\libstdc++_nano.a
LOAD c:/program files (x86)/atollic/truestudio for stm32 9.0.1/armtools/bin/../lib/gcc/arm-atollic-eabi/6.3.1/../../../../arm-atollic-eabi/lib/armv7e-m/fpu\libsupc++_nano.a
END GROUP
LOAD c:/program files (x86)/atollic/truestudio for stm32 9.0.1/armtools/bin/../lib/gcc/arm-atollic-eabi/6.3.1/../../../../arm-atollic-eabi/lib/armv7e-m/fpu\libstdc++_nano.a
LOAD c:/program files (x86)/atollic/truestudio for stm32 9.0.1/armtools/bin/../lib/gcc/arm-atollic-eabi/6.3.1/../../../../arm-atollic-eabi/lib/armv7e-m/fpu\libm.a
LOAD c:/program files (x86)/atollic/truestudio for stm32 9.0.1/armtools/bin/../lib/gcc/arm-atollic-eabi/6.3.1/../../../../arm-atollic-eabi/lib/armv7e-m/fpu\libc_nano.a
START GROUP
LOAD c:/program files (x86)/atollic/truestudio for stm32 9.0.1/armtools/bin/../lib/gcc/arm-atollic-eabi/6.3.1/armv7e-m/fpu\libgcc.a
LOAD c:/program files (x86)/atollic/truestudio for stm32 9.0.1/armtools/bin/../lib/gcc/arm-atollic-eabi/6.3.1/../../../../arm-atollic-eabi/lib/armv7e-m/fpu\libc_nano.a
END GROUP
START GROUP
LOAD c:/program files (x86)/atollic/truestudio for stm32 9.0.1/armtools/bin/../lib/gcc/arm-atollic-eabi/6.3.1/armv7e-m/fpu\libgcc.a
LOAD c:/program files (x86)/atollic/truestudio for stm32 9.0.1/armtools/bin/../lib/gcc/arm-atollic-eabi/6.3.1/../../../../arm-atollic-eabi/lib/armv7e-m/fpu\libc_nano.a
LOAD c:/program files (x86)/atollic/truestudio for stm32 9.0.1/armtools/bin/../lib/gcc/arm-atollic-eabi/6.3.1/../../../../arm-atollic-eabi/lib/armv7e-m/fpu\libnosys.a
END GROUP
START GROUP
LOAD c:/program files (x86)/atollic/truestudio for stm32 9.0.1/armtools/bin/../lib/gcc/arm-atollic-eabi/6.3.1/armv7e-m/fpu\libgcc.a
LOAD c:/program files (x86)/atollic/truestudio for stm32 9.0.1/armtools/bin/../lib/gcc/arm-atollic-eabi/6.3.1/../../../../arm-atollic-eabi/lib/armv7e-m/fpu\libc_nano.a
LOAD c:/program files (x86)/atollic/truestudio for stm32 9.0.1/armtools/bin/../lib/gcc/arm-atollic-eabi/6.3.1/../../../../arm-atollic-eabi/lib/armv7e-m/fpu\libnosys.a
END GROUP
LOAD c:/program files (x86)/atollic/truestudio for stm32 9.0.1/armtools/bin/../lib/gcc/arm-atollic-eabi/6.3.1/armv7e-m/fpu/crtend.o
LOAD c:/program files (x86)/atollic/truestudio for stm32 9.0.1/armtools/bin/../lib/gcc/arm-atollic-eabi/6.3.1/armv7e-m/fpu/crtn.o
                0x20003000                _estack = 0x20003000
                0x00000200                _Min_Heap_Size = 0x200
                0x00000400                _Min_Stack_Size = 0x400

.isr_vector     0x08000000      0x188
                0x08000000                . = ALIGN (0x4)
 *(.isr_vector)
 .isr_vector    0x08000000      0x188 startup\startup_stm32f303x8.o
                0x08000000                g_pfnVectors
                0x08000188                . = ALIGN (0x4)

.text           0x08000190     0x3bd4
                0x08000190                . = ALIGN (0x4)
 *(.text)
 .text          0x08000190       0x40 c:/program files (x86)/atollic/truestudio for stm32 9.0.1/armtools/bin/../lib/gcc/arm-atollic-eabi/6.3.1/armv7e-m/fpu/crtbegin.o
 .text          0x080001d0       0xa0 c:/program files (x86)/atollic/truestudio for stm32 9.0.1/armtools/bin/../lib/gcc/arm-atollic-eabi/6.3.1/../../../../arm-atollic-eabi/lib/armv7e-m/fpu\libc_nano.a(lib_a-memchr.o)
                0x080001d0                memchr
 .text          0x08000270      0x9cc c:/program files (x86)/atollic/truestudio for stm32 9.0.1/armtools/bin/../lib/gcc/arm-atollic-eabi/6.3.1/armv7e-m/fpu\libgcc.a(unwind-arm.o)
                0x08000530                _Unwind_GetCFA
                0x08000534                __gnu_Unwind_RaiseException
                0x08000594                __gnu_Unwind_ForcedUnwind
                0x080005a8                __gnu_Unwind_Resume
                0x080005ec                __gnu_Unwind_Resume_or_Rethrow
                0x080005fc                _Unwind_Complete
                0x08000600                _Unwind_DeleteException
                0x0800060c                _Unwind_VRS_Get
                0x08000658                _Unwind_VRS_Set
                0x080006a8                __gnu_Unwind_Backtrace
                0x080009e8                __aeabi_unwind_cpp_pr0
                0x080009ec                __aeabi_unwind_cpp_pr1
                0x080009f0                __aeabi_unwind_cpp_pr2
                0x080009f4                _Unwind_VRS_Pop
 .text          0x08000c3c      0x1ac c:/program files (x86)/atollic/truestudio for stm32 9.0.1/armtools/bin/../lib/gcc/arm-atollic-eabi/6.3.1/armv7e-m/fpu\libgcc.a(libunwind.o)
                0x08000c3c                __restore_core_regs
                0x08000c3c                restore_core_regs
                0x08000c54                __gnu_Unwind_Restore_VFP
                0x08000c5c                __gnu_Unwind_Save_VFP
                0x08000c64                __gnu_Unwind_Restore_VFP_D
                0x08000c6c                __gnu_Unwind_Save_VFP_D
                0x08000c74                __gnu_Unwind_Restore_VFP_D_16_to_31
                0x08000c7c                __gnu_Unwind_Save_VFP_D_16_to_31
                0x08000c84                __gnu_Unwind_Restore_WMMXD
                0x08000cc8                __gnu_Unwind_Save_WMMXD
                0x08000d0c                __gnu_Unwind_Restore_WMMXC
                0x08000d20                __gnu_Unwind_Save_WMMXC
                0x08000d34                ___Unwind_RaiseException
                0x08000d34                _Unwind_RaiseException
                0x08000d58                _Unwind_Resume
                0x08000d58                ___Unwind_Resume
                0x08000d7c                _Unwind_Resume_or_Rethrow
                0x08000d7c                ___Unwind_Resume_or_Rethrow
                0x08000da0                _Unwind_ForcedUnwind
                0x08000da0                ___Unwind_ForcedUnwind
                0x08000dc4                ___Unwind_Backtrace
                0x08000dc4                _Unwind_Backtrace
 .text          0x08000de8      0x380 c:/program files (x86)/atollic/truestudio for stm32 9.0.1/armtools/bin/../lib/gcc/arm-atollic-eabi/6.3.1/armv7e-m/fpu\libgcc.a(pr-support.o)
                0x08000e40                __gnu_unwind_execute
                0x08001110                __gnu_unwind_frame
                0x08001138                _Unwind_GetRegionStart
                0x08001144                _Unwind_GetLanguageSpecificData
                0x08001158                _Unwind_GetTextRelBase
                0x08001160                _Unwind_GetDataRelBase
 *(.text*)
 .text.HAL_InitTick
                0x08001168       0x48 Drivers\STM32F3xx_HAL_Driver\Src\stm32f3xx_hal.o
                0x08001168                HAL_InitTick
 .text.HAL_Init
                0x080011b0       0x24 Drivers\STM32F3xx_HAL_Driver\Src\stm32f3xx_hal.o
                0x080011b0                HAL_Init
 .text.HAL_IncTick
                0x080011d4       0x18 Drivers\STM32F3xx_HAL_Driver\Src\stm32f3xx_hal.o
                0x080011d4                HAL_IncTick
 .text.HAL_GetTick
                0x080011ec        0xc Drivers\STM32F3xx_HAL_Driver\Src\stm32f3xx_hal.o
                0x080011ec                HAL_GetTick
 .text.HAL_CAN_Init
                0x080011f8       0xf6 Drivers\STM32F3xx_HAL_Driver\Src\stm32f3xx_hal_can.o
                0x080011f8                HAL_CAN_Init
 .text.HAL_CAN_ConfigFilter
                0x080012ee       0xd8 Drivers\STM32F3xx_HAL_Driver\Src\stm32f3xx_hal_can.o
                0x080012ee                HAL_CAN_ConfigFilter
 .text.HAL_CAN_Start
                0x080013c6       0x56 Drivers\STM32F3xx_HAL_Driver\Src\stm32f3xx_hal_can.o
                0x080013c6                HAL_CAN_Start
 .text.HAL_CAN_GetRxMessage
                0x0800141c       0xec Drivers\STM32F3xx_HAL_Driver\Src\stm32f3xx_hal_can.o
                0x0800141c                HAL_CAN_GetRxMessage
 .text.HAL_CAN_ActivateNotification
                0x08001508       0x22 Drivers\STM32F3xx_HAL_Driver\Src\stm32f3xx_hal_can.o
                0x08001508                HAL_CAN_ActivateNotification
 .text.HAL_CAN_TxMailbox0CompleteCallback
                0x0800152a        0x2 Drivers\STM32F3xx_HAL_Driver\Src\stm32f3xx_hal_can.o
                0x0800152a                HAL_CAN_TxMailbox0CompleteCallback
 .text.HAL_CAN_TxMailbox1CompleteCallback
                0x0800152c        0x2 Drivers\STM32F3xx_HAL_Driver\Src\stm32f3xx_hal_can.o
                0x0800152c                HAL_CAN_TxMailbox1CompleteCallback
 .text.HAL_CAN_TxMailbox2CompleteCallback
                0x0800152e        0x2 Drivers\STM32F3xx_HAL_Driver\Src\stm32f3xx_hal_can.o
                0x0800152e                HAL_CAN_TxMailbox2CompleteCallback
 .text.HAL_CAN_TxMailbox0AbortCallback
                0x08001530        0x2 Drivers\STM32F3xx_HAL_Driver\Src\stm32f3xx_hal_can.o
                0x08001530                HAL_CAN_TxMailbox0AbortCallback
 .text.HAL_CAN_TxMailbox1AbortCallback
                0x08001532        0x2 Drivers\STM32F3xx_HAL_Driver\Src\stm32f3xx_hal_can.o
                0x08001532                HAL_CAN_TxMailbox1AbortCallback
 .text.HAL_CAN_TxMailbox2AbortCallback
                0x08001534        0x2 Drivers\STM32F3xx_HAL_Driver\Src\stm32f3xx_hal_can.o
                0x08001534                HAL_CAN_TxMailbox2AbortCallback
 .text.HAL_CAN_RxFifo0FullCallback
                0x08001536        0x2 Drivers\STM32F3xx_HAL_Driver\Src\stm32f3xx_hal_can.o
                0x08001536                HAL_CAN_RxFifo0FullCallback
 .text.HAL_CAN_RxFifo1MsgPendingCallback
                0x08001538        0x2 Drivers\STM32F3xx_HAL_Driver\Src\stm32f3xx_hal_can.o
                0x08001538                HAL_CAN_RxFifo1MsgPendingCallback
 .text.HAL_CAN_RxFifo1FullCallback
                0x0800153a        0x2 Drivers\STM32F3xx_HAL_Driver\Src\stm32f3xx_hal_can.o
                0x0800153a                HAL_CAN_RxFifo1FullCallback
 .text.HAL_CAN_SleepCallback
                0x0800153c        0x2 Drivers\STM32F3xx_HAL_Driver\Src\stm32f3xx_hal_can.o
                0x0800153c                HAL_CAN_SleepCallback
 .text.HAL_CAN_WakeUpFromRxMsgCallback
                0x0800153e        0x2 Drivers\STM32F3xx_HAL_Driver\Src\stm32f3xx_hal_can.o
                0x0800153e                HAL_CAN_WakeUpFromRxMsgCallback
 .text.HAL_CAN_ErrorCallback
                0x08001540        0x2 Drivers\STM32F3xx_HAL_Driver\Src\stm32f3xx_hal_can.o
                0x08001540                HAL_CAN_ErrorCallback
 .text.HAL_CAN_IRQHandler
                0x08001542      0x1fc Drivers\STM32F3xx_HAL_Driver\Src\stm32f3xx_hal_can.o
                0x08001542                HAL_CAN_IRQHandler
 *fill*         0x0800173e        0x2 
 .text.HAL_NVIC_SetPriorityGrouping
                0x08001740       0x24 Drivers\STM32F3xx_HAL_Driver\Src\stm32f3xx_hal_cortex.o
                0x08001740                HAL_NVIC_SetPriorityGrouping
 .text.HAL_NVIC_SetPriority
                0x08001764       0x68 Drivers\STM32F3xx_HAL_Driver\Src\stm32f3xx_hal_cortex.o
                0x08001764                HAL_NVIC_SetPriority
 .text.HAL_NVIC_EnableIRQ
                0x080017cc       0x18 Drivers\STM32F3xx_HAL_Driver\Src\stm32f3xx_hal_cortex.o
                0x080017cc                HAL_NVIC_EnableIRQ
 .text.HAL_SYSTICK_Config
                0x080017e4       0x2c Drivers\STM32F3xx_HAL_Driver\Src\stm32f3xx_hal_cortex.o
                0x080017e4                HAL_SYSTICK_Config
 .text.HAL_GPIO_Init
                0x08001810      0x174 Drivers\STM32F3xx_HAL_Driver\Src\stm32f3xx_hal_gpio.o
                0x08001810                HAL_GPIO_Init
 .text.HAL_GPIO_WritePin
                0x08001984        0xa Drivers\STM32F3xx_HAL_Driver\Src\stm32f3xx_hal_gpio.o
                0x08001984                HAL_GPIO_WritePin
 .text.HAL_GPIO_TogglePin
                0x0800198e        0x8 Drivers\STM32F3xx_HAL_Driver\Src\stm32f3xx_hal_gpio.o
                0x0800198e                HAL_GPIO_TogglePin
 *fill*         0x08001996        0x2 
 .text.HAL_RCC_OscConfig
                0x08001998      0x4ec Drivers\STM32F3xx_HAL_Driver\Src\stm32f3xx_hal_rcc.o
                0x08001998                HAL_RCC_OscConfig
 .text.HAL_RCC_GetSysClockFreq
                0x08001e84       0x64 Drivers\STM32F3xx_HAL_Driver\Src\stm32f3xx_hal_rcc.o
                0x08001e84                HAL_RCC_GetSysClockFreq
 .text.HAL_RCC_ClockConfig
                0x08001ee8      0x154 Drivers\STM32F3xx_HAL_Driver\Src\stm32f3xx_hal_rcc.o
                0x08001ee8                HAL_RCC_ClockConfig
 .text.HAL_RCC_GetPCLK1Freq
                0x0800203c       0x30 Drivers\STM32F3xx_HAL_Driver\Src\stm32f3xx_hal_rcc.o
                0x0800203c                HAL_RCC_GetPCLK1Freq
 .text.HAL_RCC_GetPCLK2Freq
                0x0800206c       0x30 Drivers\STM32F3xx_HAL_Driver\Src\stm32f3xx_hal_rcc.o
                0x0800206c                HAL_RCC_GetPCLK2Freq
 .text.UART_SetConfig
                0x0800209c      0x14c Drivers\STM32F3xx_HAL_Driver\Src\stm32f3xx_hal_uart.o
                0x0800209c                UART_SetConfig
 .text.UART_AdvFeatureConfig
                0x080021e8       0xa8 Drivers\STM32F3xx_HAL_Driver\Src\stm32f3xx_hal_uart.o
                0x080021e8                UART_AdvFeatureConfig
 .text.UART_WaitOnFlagUntilTimeout
                0x08002290       0x62 Drivers\STM32F3xx_HAL_Driver\Src\stm32f3xx_hal_uart.o
                0x08002290                UART_WaitOnFlagUntilTimeout
 .text.HAL_UART_Transmit
                0x080022f2       0xb2 Drivers\STM32F3xx_HAL_Driver\Src\stm32f3xx_hal_uart.o
                0x080022f2                HAL_UART_Transmit
 .text.HAL_UART_Receive
                0x080023a4       0xde Drivers\STM32F3xx_HAL_Driver\Src\stm32f3xx_hal_uart.o
                0x080023a4                HAL_UART_Receive
 .text.UART_CheckIdleState
                0x08002482       0x64 Drivers\STM32F3xx_HAL_Driver\Src\stm32f3xx_hal_uart.o
                0x08002482                UART_CheckIdleState
 .text.HAL_UART_Init
                0x080024e6       0x64 Drivers\STM32F3xx_HAL_Driver\Src\stm32f3xx_hal_uart.o
                0x080024e6                HAL_UART_Init
 .text._ZN11Aircylinder4OpenEv
                0x0800254a       0x20 Inc\Aircylinder\Aircylinder.o
                0x0800254a                Aircylinder::Open()
 .text._ZN11Aircylinder5CloseEv
                0x0800256a       0x20 Inc\Aircylinder\Aircylinder.o
                0x0800256a                Aircylinder::Close()
 *fill*         0x0800258a        0x2 
 .text._ZN3App4OpenEv
                0x0800258c       0xb0 Inc\Application\Application.o
                0x0800258c                App::Open()
 .text._ZN3App5CloseEv
                0x0800263c       0xb0 Inc\Application\Application.o
                0x0800263c                App::Close()
 .text._ZN3App9TaskShiftEv
                0x080026ec       0x5c Inc\Application\Application.o
                0x080026ec                App::TaskShift()
 .text._Z12FilterConfigv
                0x08002748       0x6c Inc\CAN\CAN.o
                0x08002748                FilterConfig()
 .text.HAL_CAN_RxFifo0MsgPendingCallback
                0x080027b4       0x3c Inc\CAN\CAN.o
                0x080027b4                HAL_CAN_RxFifo0MsgPendingCallback
 .text.MX_CAN_Init
                0x080027f0       0x44 Src\can.o
                0x080027f0                MX_CAN_Init
 .text.HAL_CAN_MspInit
                0x08002834       0x84 Src\can.o
                0x08002834                HAL_CAN_MspInit
 .text.MX_GPIO_Init
                0x080028b8       0xac Src\gpio.o
                0x080028b8                MX_GPIO_Init
 .text._ZN6CanBusC2Emm
                0x08002964       0x54 Src\main.o
                0x08002964                CanBus::CanBus(unsigned long, unsigned long)
                0x08002964                CanBus::CanBus(unsigned long, unsigned long)
 .text._ZN11AircylinderC2EP12GPIO_TypeDeft
                0x080029b8       0x30 Src\main.o
                0x080029b8                Aircylinder::Aircylinder(GPIO_TypeDef*, unsigned short)
                0x080029b8                Aircylinder::Aircylinder(GPIO_TypeDef*, unsigned short)
 .text._ZN21LowlayerHandelTypedefC2Ev
                0x080029e8       0xa0 Src\main.o
                0x080029e8                LowlayerHandelTypedef::LowlayerHandelTypedef()
                0x080029e8                LowlayerHandelTypedef::LowlayerHandelTypedef()
 .text._ZN3AppC2EP21LowlayerHandelTypedef
                0x08002a88       0x24 Src\main.o
                0x08002a88                App::App(LowlayerHandelTypedef*)
                0x08002a88                App::App(LowlayerHandelTypedef*)
 .text.main     0x08002aac       0x40 Src\main.o
                0x08002aac                main
 .text._Z18SystemClock_Configv
                0x08002aec       0x9e Src\main.o
                0x08002aec                SystemClock_Config()
 .text.Error_Handler
                0x08002b8a        0xe Src\main.o
                0x08002b8a                Error_Handler
 .text.__io_putchar
                0x08002b98       0x20 Src\scanf.o
                0x08002b98                __io_putchar
 .text.__io_getchar
                0x08002bb8       0x3c Src\scanf.o
                0x08002bb8                __io_getchar
 .text.HAL_MspInit
                0x08002bf4       0x30 Src\stm32f3xx_hal_msp.o
                0x08002bf4                HAL_MspInit
 .text.NMI_Handler
                0x08002c24        0x2 Src\stm32f3xx_it.o
                0x08002c24                NMI_Handler
 .text.HardFault_Handler
                0x08002c26        0x2 Src\stm32f3xx_it.o
                0x08002c26                HardFault_Handler
 .text.MemManage_Handler
                0x08002c28        0x2 Src\stm32f3xx_it.o
                0x08002c28                MemManage_Handler
 .text.BusFault_Handler
                0x08002c2a        0x2 Src\stm32f3xx_it.o
                0x08002c2a                BusFault_Handler
 .text.UsageFault_Handler
                0x08002c2c        0x2 Src\stm32f3xx_it.o
                0x08002c2c                UsageFault_Handler
 .text.SVC_Handler
                0x08002c2e        0x2 Src\stm32f3xx_it.o
                0x08002c2e                SVC_Handler
 .text.DebugMon_Handler
                0x08002c30        0x2 Src\stm32f3xx_it.o
                0x08002c30                DebugMon_Handler
 .text.PendSV_Handler
                0x08002c32        0x2 Src\stm32f3xx_it.o
                0x08002c32                PendSV_Handler
 .text.SysTick_Handler
                0x08002c34        0x4 Src\stm32f3xx_it.o
                0x08002c34                SysTick_Handler
 .text.CAN_RX1_IRQHandler
                0x08002c38        0xc Src\stm32f3xx_it.o
                0x08002c38                CAN_RX1_IRQHandler
 .text.CAN_RX0_IRQHandler
                0x08002c44        0x4 Src\stm32f3xx_it.o
                0x08002c44                CAN_RX0_IRQHandler
 .text._getpid  0x08002c48        0x4 Src\syscalls.o
                0x08002c48                _getpid
 .text._kill    0x08002c4c       0x10 Src\syscalls.o
                0x08002c4c                _kill
 .text._exit    0x08002c5c        0xc Src\syscalls.o
                0x08002c5c                _exit
 .text._read    0x08002c68       0x1c Src\syscalls.o
                0x08002c68                _read
 .text._write   0x08002c84       0x1c Src\syscalls.o
                0x08002c84                _write
 .text._sbrk    0x08002ca0       0x34 Src\syscalls.o
                0x08002ca0                _sbrk
 .text._close   0x08002cd4        0x6 Src\syscalls.o
                0x08002cd4                _close
 .text._fstat   0x08002cda        0xa Src\syscalls.o
                0x08002cda                _fstat
 .text._isatty  0x08002ce4        0x4 Src\syscalls.o
                0x08002ce4                _isatty
 .text._lseek   0x08002ce8        0x4 Src\syscalls.o
                0x08002ce8                _lseek
 .text.SystemInit
                0x08002cec       0x68 Src\system_stm32f3xx.o
                0x08002cec                SystemInit
 .text.MX_USART2_UART_Init
                0x08002d54       0x3c Src\usart.o
                0x08002d54                MX_USART2_UART_Init
 .text.HAL_UART_MspInit
                0x08002d90       0x64 Src\usart.o
                0x08002d90                HAL_UART_MspInit
 .text.Reset_Handler
                0x08002df4       0x50 startup\startup_stm32f303x8.o
                0x08002df4                Reset_Handler
 .text.Default_Handler
                0x08002e44        0x2 startup\startup_stm32f303x8.o
                0x08002e44                RTC_Alarm_IRQHandler
                0x08002e44                TIM1_CC_IRQHandler
                0x08002e44                PVD_IRQHandler
                0x08002e44                TAMP_STAMP_IRQHandler
                0x08002e44                EXTI3_IRQHandler
                0x08002e44                EXTI0_IRQHandler
                0x08002e44                FPU_IRQHandler
                0x08002e44                CAN_TX_IRQHandler
                0x08002e44                TIM1_UP_TIM16_IRQHandler
                0x08002e44                ADC1_2_IRQHandler
                0x08002e44                SPI1_IRQHandler
                0x08002e44                CAN_SCE_IRQHandler
                0x08002e44                DMA1_Channel4_IRQHandler
                0x08002e44                USART3_IRQHandler
                0x08002e44                DMA1_Channel7_IRQHandler
                0x08002e44                TIM7_DAC2_IRQHandler
                0x08002e44                I2C1_EV_IRQHandler
                0x08002e44                DMA1_Channel6_IRQHandler
                0x08002e44                TIM3_IRQHandler
                0x08002e44                RCC_IRQHandler
                0x08002e44                DMA1_Channel1_IRQHandler
                0x08002e44                Default_Handler
                0x08002e44                EXTI15_10_IRQHandler
                0x08002e44                COMP2_IRQHandler
                0x08002e44                TIM6_DAC1_IRQHandler
                0x08002e44                EXTI9_5_IRQHandler
                0x08002e44                RTC_WKUP_IRQHandler
                0x08002e44                DMA1_Channel5_IRQHandler
                0x08002e44                EXTI4_IRQHandler
                0x08002e44                TIM1_TRG_COM_TIM17_IRQHandler
                0x08002e44                DMA1_Channel3_IRQHandler
                0x08002e44                WWDG_IRQHandler
                0x08002e44                TIM2_IRQHandler
                0x08002e44                EXTI1_IRQHandler
                0x08002e44                COMP4_6_IRQHandler
                0x08002e44                USART2_IRQHandler
                0x08002e44                DMA1_Channel2_IRQHandler
                0x08002e44                FLASH_IRQHandler
                0x08002e44                USART1_IRQHandler
                0x08002e44                I2C1_ER_IRQHandler
                0x08002e44                EXTI2_TSC_IRQHandler
                0x08002e44                TIM1_BRK_TIM15_IRQHandler
 *fill*         0x08002e46        0x2 
 .text.__errno  0x08002e48        0xc c:/program files (x86)/atollic/truestudio for stm32 9.0.1/armtools/bin/../lib/gcc/arm-atollic-eabi/6.3.1/../../../../arm-atollic-eabi/lib/armv7e-m/fpu\libc_nano.a(lib_a-errno.o)
                0x08002e48                __errno
 .text.__libc_init_array
                0x08002e54       0x48 c:/program files (x86)/atollic/truestudio for stm32 9.0.1/armtools/bin/../lib/gcc/arm-atollic-eabi/6.3.1/../../../../arm-atollic-eabi/lib/armv7e-m/fpu\libc_nano.a(lib_a-init.o)
                0x08002e54                __libc_init_array
 .text.memset   0x08002e9c       0x10 c:/program files (x86)/atollic/truestudio for stm32 9.0.1/armtools/bin/../lib/gcc/arm-atollic-eabi/6.3.1/../../../../arm-atollic-eabi/lib/armv7e-m/fpu\libc_nano.a(lib_a-memset.o)
                0x08002e9c                memset
 .text.printf   0x08002eac       0x30 c:/program files (x86)/atollic/truestudio for stm32 9.0.1/armtools/bin/../lib/gcc/arm-atollic-eabi/6.3.1/../../../../arm-atollic-eabi/lib/armv7e-m/fpu\libc_nano.a(lib_a-printf.o)
                0x08002eac                iprintf
                0x08002eac                printf
 .text._cleanup_r
                0x08002edc        0xc c:/program files (x86)/atollic/truestudio for stm32 9.0.1/armtools/bin/../lib/gcc/arm-atollic-eabi/6.3.1/../../../../arm-atollic-eabi/lib/armv7e-m/fpu\libc_nano.a(lib_a-findfp.o)
                0x08002edc                _cleanup_r
 .text.std.isra.0
                0x08002ee8       0x48 c:/program files (x86)/atollic/truestudio for stm32 9.0.1/armtools/bin/../lib/gcc/arm-atollic-eabi/6.3.1/../../../../arm-atollic-eabi/lib/armv7e-m/fpu\libc_nano.a(lib_a-findfp.o)
 .text.__sfmoreglue
                0x08002f30       0x2c c:/program files (x86)/atollic/truestudio for stm32 9.0.1/armtools/bin/../lib/gcc/arm-atollic-eabi/6.3.1/../../../../arm-atollic-eabi/lib/armv7e-m/fpu\libc_nano.a(lib_a-findfp.o)
                0x08002f30                __sfmoreglue
 .text.__sinit  0x08002f5c       0x60 c:/program files (x86)/atollic/truestudio for stm32 9.0.1/armtools/bin/../lib/gcc/arm-atollic-eabi/6.3.1/../../../../arm-atollic-eabi/lib/armv7e-m/fpu\libc_nano.a(lib_a-findfp.o)
                0x08002f5c                __sinit
 .text.__sfp    0x08002fbc       0x78 c:/program files (x86)/atollic/truestudio for stm32 9.0.1/armtools/bin/../lib/gcc/arm-atollic-eabi/6.3.1/../../../../arm-atollic-eabi/lib/armv7e-m/fpu\libc_nano.a(lib_a-findfp.o)
                0x08002fbc                __sfp
 .text._fwalk_reent
                0x08003034       0x3c c:/program files (x86)/atollic/truestudio for stm32 9.0.1/armtools/bin/../lib/gcc/arm-atollic-eabi/6.3.1/../../../../arm-atollic-eabi/lib/armv7e-m/fpu\libc_nano.a(lib_a-fwalk.o)
                0x08003034                _fwalk_reent
 .text._malloc_r
                0x08003070       0xbc c:/program files (x86)/atollic/truestudio for stm32 9.0.1/armtools/bin/../lib/gcc/arm-atollic-eabi/6.3.1/../../../../arm-atollic-eabi/lib/armv7e-m/fpu\libc_nano.a(lib_a-nano-mallocr.o)
                0x08003070                _malloc_r
 .text.__sfputc_r
                0x0800312c       0x30 c:/program files (x86)/atollic/truestudio for stm32 9.0.1/armtools/bin/../lib/gcc/arm-atollic-eabi/6.3.1/../../../../arm-atollic-eabi/lib/armv7e-m/fpu\libc_nano.a(lib_a-nano-vfprintf.o)
 .text.__sfputs_r
                0x0800315c       0x24 c:/program files (x86)/atollic/truestudio for stm32 9.0.1/armtools/bin/../lib/gcc/arm-atollic-eabi/6.3.1/../../../../arm-atollic-eabi/lib/armv7e-m/fpu\libc_nano.a(lib_a-nano-vfprintf.o)
                0x0800315c                __sfputs_r
 .text._vfprintf_r
                0x08003180      0x22c c:/program files (x86)/atollic/truestudio for stm32 9.0.1/armtools/bin/../lib/gcc/arm-atollic-eabi/6.3.1/../../../../arm-atollic-eabi/lib/armv7e-m/fpu\libc_nano.a(lib_a-nano-vfprintf.o)
                0x08003180                _vfprintf_r
                0x08003180                _vfiprintf_r
 .text._printf_common
                0x080033ac       0xec c:/program files (x86)/atollic/truestudio for stm32 9.0.1/armtools/bin/../lib/gcc/arm-atollic-eabi/6.3.1/../../../../arm-atollic-eabi/lib/armv7e-m/fpu\libc_nano.a(lib_a-nano-vfprintf_i.o)
                0x080033ac                _printf_common
 .text._printf_i
                0x08003498      0x240 c:/program files (x86)/atollic/truestudio for stm32 9.0.1/armtools/bin/../lib/gcc/arm-atollic-eabi/6.3.1/../../../../arm-atollic-eabi/lib/armv7e-m/fpu\libc_nano.a(lib_a-nano-vfprintf_i.o)
                0x08003498                _printf_i
 .text._sbrk_r  0x080036d8       0x20 c:/program files (x86)/atollic/truestudio for stm32 9.0.1/armtools/bin/../lib/gcc/arm-atollic-eabi/6.3.1/../../../../arm-atollic-eabi/lib/armv7e-m/fpu\libc_nano.a(lib_a-sbrkr.o)
                0x080036d8                _sbrk_r
 .text.__sread  0x080036f8       0x22 c:/program files (x86)/atollic/truestudio for stm32 9.0.1/armtools/bin/../lib/gcc/arm-atollic-eabi/6.3.1/../../../../arm-atollic-eabi/lib/armv7e-m/fpu\libc_nano.a(lib_a-stdio.o)
                0x080036f8                __sread
 .text.__swrite
                0x0800371a       0x38 c:/program files (x86)/atollic/truestudio for stm32 9.0.1/armtools/bin/../lib/gcc/arm-atollic-eabi/6.3.1/../../../../arm-atollic-eabi/lib/armv7e-m/fpu\libc_nano.a(lib_a-stdio.o)
                0x0800371a                __swrite
 .text.__sseek  0x08003752       0x24 c:/program files (x86)/atollic/truestudio for stm32 9.0.1/armtools/bin/../lib/gcc/arm-atollic-eabi/6.3.1/../../../../arm-atollic-eabi/lib/armv7e-m/fpu\libc_nano.a(lib_a-stdio.o)
                0x08003752                __sseek
 .text.__sclose
                0x08003776        0x8 c:/program files (x86)/atollic/truestudio for stm32 9.0.1/armtools/bin/../lib/gcc/arm-atollic-eabi/6.3.1/../../../../arm-atollic-eabi/lib/armv7e-m/fpu\libc_nano.a(lib_a-stdio.o)
                0x08003776                __sclose
 *fill*         0x0800377e        0x2 
 .text.__swbuf_r
                0x08003780       0xa4 c:/program files (x86)/atollic/truestudio for stm32 9.0.1/armtools/bin/../lib/gcc/arm-atollic-eabi/6.3.1/../../../../arm-atollic-eabi/lib/armv7e-m/fpu\libc_nano.a(lib_a-wbuf.o)
                0x08003780                __swbuf_r
 .text._write_r
                0x08003824       0x24 c:/program files (x86)/atollic/truestudio for stm32 9.0.1/armtools/bin/../lib/gcc/arm-atollic-eabi/6.3.1/../../../../arm-atollic-eabi/lib/armv7e-m/fpu\libc_nano.a(lib_a-writer.o)
                0x08003824                _write_r
 .text.__swsetup_r
                0x08003848       0xdc c:/program files (x86)/atollic/truestudio for stm32 9.0.1/armtools/bin/../lib/gcc/arm-atollic-eabi/6.3.1/../../../../arm-atollic-eabi/lib/armv7e-m/fpu\libc_nano.a(lib_a-wsetup.o)
                0x08003848                __swsetup_r
 .text._close_r
                0x08003924       0x20 c:/program files (x86)/atollic/truestudio for stm32 9.0.1/armtools/bin/../lib/gcc/arm-atollic-eabi/6.3.1/../../../../arm-atollic-eabi/lib/armv7e-m/fpu\libc_nano.a(lib_a-closer.o)
                0x08003924                _close_r
 .text.__sflush_r
                0x08003944      0x110 c:/program files (x86)/atollic/truestudio for stm32 9.0.1/armtools/bin/../lib/gcc/arm-atollic-eabi/6.3.1/../../../../arm-atollic-eabi/lib/armv7e-m/fpu\libc_nano.a(lib_a-fflush.o)
                0x08003944                __sflush_r
 .text._fflush_r
                0x08003a54       0x54 c:/program files (x86)/atollic/truestudio for stm32 9.0.1/armtools/bin/../lib/gcc/arm-atollic-eabi/6.3.1/../../../../arm-atollic-eabi/lib/armv7e-m/fpu\libc_nano.a(lib_a-fflush.o)
                0x08003a54                _fflush_r
 .text._lseek_r
                0x08003aa8       0x24 c:/program files (x86)/atollic/truestudio for stm32 9.0.1/armtools/bin/../lib/gcc/arm-atollic-eabi/6.3.1/../../../../arm-atollic-eabi/lib/armv7e-m/fpu\libc_nano.a(lib_a-lseekr.o)
                0x08003aa8                _lseek_r
 .text.__swhatbuf_r
                0x08003acc       0x48 c:/program files (x86)/atollic/truestudio for stm32 9.0.1/armtools/bin/../lib/gcc/arm-atollic-eabi/6.3.1/../../../../arm-atollic-eabi/lib/armv7e-m/fpu\libc_nano.a(lib_a-makebuf.o)
                0x08003acc                __swhatbuf_r
 .text.__smakebuf_r
                0x08003b14       0x80 c:/program files (x86)/atollic/truestudio for stm32 9.0.1/armtools/bin/../lib/gcc/arm-atollic-eabi/6.3.1/../../../../arm-atollic-eabi/lib/armv7e-m/fpu\libc_nano.a(lib_a-makebuf.o)
                0x08003b14                __smakebuf_r
 .text.memcpy   0x08003b94       0x16 c:/program files (x86)/atollic/truestudio for stm32 9.0.1/armtools/bin/../lib/gcc/arm-atollic-eabi/6.3.1/../../../../arm-atollic-eabi/lib/armv7e-m/fpu\libc_nano.a(lib_a-memcpy-stub.o)
                0x08003b94                memcpy
 .text.__malloc_lock
                0x08003baa        0x2 c:/program files (x86)/atollic/truestudio for stm32 9.0.1/armtools/bin/../lib/gcc/arm-atollic-eabi/6.3.1/../../../../arm-atollic-eabi/lib/armv7e-m/fpu\libc_nano.a(lib_a-mlock.o)
                0x08003baa                __malloc_lock
 .text.__malloc_unlock
                0x08003bac        0x2 c:/program files (x86)/atollic/truestudio for stm32 9.0.1/armtools/bin/../lib/gcc/arm-atollic-eabi/6.3.1/../../../../arm-atollic-eabi/lib/armv7e-m/fpu\libc_nano.a(lib_a-mlock.o)
                0x08003bac                __malloc_unlock
 *fill*         0x08003bae        0x2 
 .text._free_r  0x08003bb0       0x9c c:/program files (x86)/atollic/truestudio for stm32 9.0.1/armtools/bin/../lib/gcc/arm-atollic-eabi/6.3.1/../../../../arm-atollic-eabi/lib/armv7e-m/fpu\libc_nano.a(lib_a-nano-freer.o)
                0x08003bb0                _free_r
 .text._read_r  0x08003c4c       0x24 c:/program files (x86)/atollic/truestudio for stm32 9.0.1/armtools/bin/../lib/gcc/arm-atollic-eabi/6.3.1/../../../../arm-atollic-eabi/lib/armv7e-m/fpu\libc_nano.a(lib_a-readr.o)
                0x08003c4c                _read_r
 .text._fstat_r
                0x08003c70       0x24 c:/program files (x86)/atollic/truestudio for stm32 9.0.1/armtools/bin/../lib/gcc/arm-atollic-eabi/6.3.1/../../../../arm-atollic-eabi/lib/armv7e-m/fpu\libc_nano.a(lib_a-fstatr.o)
                0x08003c70                _fstat_r
 .text._isatty_r
                0x08003c94       0x20 c:/program files (x86)/atollic/truestudio for stm32 9.0.1/armtools/bin/../lib/gcc/arm-atollic-eabi/6.3.1/../../../../arm-atollic-eabi/lib/armv7e-m/fpu\libc_nano.a(lib_a-isattyr.o)
                0x08003c94                _isatty_r
 .text.abort    0x08003cb4        0xe c:/program files (x86)/atollic/truestudio for stm32 9.0.1/armtools/bin/../lib/gcc/arm-atollic-eabi/6.3.1/../../../../arm-atollic-eabi/lib/armv7e-m/fpu\libc_nano.a(lib_a-abort.o)
                0x08003cb4                abort
 .text._raise_r
                0x08003cc2       0x50 c:/program files (x86)/atollic/truestudio for stm32 9.0.1/armtools/bin/../lib/gcc/arm-atollic-eabi/6.3.1/../../../../arm-atollic-eabi/lib/armv7e-m/fpu\libc_nano.a(lib_a-signal.o)
                0x08003cc2                _raise_r
 *fill*         0x08003d12        0x2 
 .text.raise    0x08003d14       0x10 c:/program files (x86)/atollic/truestudio for stm32 9.0.1/armtools/bin/../lib/gcc/arm-atollic-eabi/6.3.1/../../../../arm-atollic-eabi/lib/armv7e-m/fpu\libc_nano.a(lib_a-signal.o)
                0x08003d14                raise
 .text._kill_r  0x08003d24       0x24 c:/program files (x86)/atollic/truestudio for stm32 9.0.1/armtools/bin/../lib/gcc/arm-atollic-eabi/6.3.1/../../../../arm-atollic-eabi/lib/armv7e-m/fpu\libc_nano.a(lib_a-signalr.o)
                0x08003d24                _kill_r
 .text._getpid_r
                0x08003d48        0x4 c:/program files (x86)/atollic/truestudio for stm32 9.0.1/armtools/bin/../lib/gcc/arm-atollic-eabi/6.3.1/../../../../arm-atollic-eabi/lib/armv7e-m/fpu\libc_nano.a(lib_a-signalr.o)
                0x08003d48                _getpid_r
 *(.glue_7)
 .glue_7        0x08003d4c        0x0 linker stubs
 *(.glue_7t)
 .glue_7t       0x08003d4c        0x0 linker stubs
 *(.eh_frame)
 .eh_frame      0x08003d4c        0x0 c:/program files (x86)/atollic/truestudio for stm32 9.0.1/armtools/bin/../lib/gcc/arm-atollic-eabi/6.3.1/armv7e-m/fpu/crtbegin.o
 *(.init)
 .init          0x08003d4c        0x4 c:/program files (x86)/atollic/truestudio for stm32 9.0.1/armtools/bin/../lib/gcc/arm-atollic-eabi/6.3.1/armv7e-m/fpu/crti.o
                0x08003d4c                _init
 .init          0x08003d50        0x8 c:/program files (x86)/atollic/truestudio for stm32 9.0.1/armtools/bin/../lib/gcc/arm-atollic-eabi/6.3.1/armv7e-m/fpu/crtn.o
 *(.fini)
 .fini          0x08003d58        0x4 c:/program files (x86)/atollic/truestudio for stm32 9.0.1/armtools/bin/../lib/gcc/arm-atollic-eabi/6.3.1/armv7e-m/fpu/crti.o
                0x08003d58                _fini
 .fini          0x08003d5c        0x8 c:/program files (x86)/atollic/truestudio for stm32 9.0.1/armtools/bin/../lib/gcc/arm-atollic-eabi/6.3.1/armv7e-m/fpu/crtn.o
                0x08003d64                . = ALIGN (0x4)
                0x08003d64                _etext = .

.vfp11_veneer   0x08003d64        0x0
 .vfp11_veneer  0x08003d64        0x0 linker stubs

.v4_bx          0x08003d64        0x0
 .v4_bx         0x08003d64        0x0 linker stubs

.iplt           0x08003d64        0x0
 .iplt          0x08003d64        0x0 c:/program files (x86)/atollic/truestudio for stm32 9.0.1/armtools/bin/../lib/gcc/arm-atollic-eabi/6.3.1/armv7e-m/fpu/crtbegin.o

.rodata         0x08003d64      0x154
                0x08003d64                . = ALIGN (0x4)
 *(.rodata)
 .rodata        0x08003d64       0x80 Inc\CAN\CAN.o
 *(.rodata*)
 .rodata.aPLLMULFactorTable
                0x08003de4       0x10 Drivers\STM32F3xx_HAL_Driver\Src\stm32f3xx_hal_rcc.o
                0x08003de4                aPLLMULFactorTable
 .rodata.aPredivFactorTable
                0x08003df4       0x10 Drivers\STM32F3xx_HAL_Driver\Src\stm32f3xx_hal_rcc.o
                0x08003df4                aPredivFactorTable
 .rodata.CSWTCH.45
                0x08003e04        0x4 Drivers\STM32F3xx_HAL_Driver\Src\stm32f3xx_hal_uart.o
 .rodata.AHBPrescTable
                0x08003e08       0x10 Src\system_stm32f3xx.o
                0x08003e08                AHBPrescTable
 .rodata.APBPrescTable
                0x08003e18        0x8 Src\system_stm32f3xx.o
                0x08003e18                APBPrescTable
 .rodata._global_impure_ptr
                0x08003e20        0x4 c:/program files (x86)/atollic/truestudio for stm32 9.0.1/armtools/bin/../lib/gcc/arm-atollic-eabi/6.3.1/../../../../arm-atollic-eabi/lib/armv7e-m/fpu\libc_nano.a(lib_a-impure.o)
                0x08003e20                _global_impure_ptr
 .rodata.__sf_fake_stderr
                0x08003e24       0x20 c:/program files (x86)/atollic/truestudio for stm32 9.0.1/armtools/bin/../lib/gcc/arm-atollic-eabi/6.3.1/../../../../arm-atollic-eabi/lib/armv7e-m/fpu\libc_nano.a(lib_a-findfp.o)
                0x08003e24                __sf_fake_stderr
 .rodata.__sf_fake_stdin
                0x08003e44       0x20 c:/program files (x86)/atollic/truestudio for stm32 9.0.1/armtools/bin/../lib/gcc/arm-atollic-eabi/6.3.1/../../../../arm-atollic-eabi/lib/armv7e-m/fpu\libc_nano.a(lib_a-findfp.o)
                0x08003e44                __sf_fake_stdin
 .rodata.__sf_fake_stdout
                0x08003e64       0x20 c:/program files (x86)/atollic/truestudio for stm32 9.0.1/armtools/bin/../lib/gcc/arm-atollic-eabi/6.3.1/../../../../arm-atollic-eabi/lib/armv7e-m/fpu\libc_nano.a(lib_a-findfp.o)
                0x08003e64                __sf_fake_stdout
 .rodata._vfprintf_r.str1.1
                0x08003e84       0x11 c:/program files (x86)/atollic/truestudio for stm32 9.0.1/armtools/bin/../lib/gcc/arm-atollic-eabi/6.3.1/../../../../arm-atollic-eabi/lib/armv7e-m/fpu\libc_nano.a(lib_a-nano-vfprintf.o)
 .rodata._printf_i.str1.1
                0x08003e95       0x22 c:/program files (x86)/atollic/truestudio for stm32 9.0.1/armtools/bin/../lib/gcc/arm-atollic-eabi/6.3.1/../../../../arm-atollic-eabi/lib/armv7e-m/fpu\libc_nano.a(lib_a-nano-vfprintf_i.o)
                0x08003eb8                . = ALIGN (0x4)
 *fill*         0x08003eb7        0x1 

.ARM.extab      0x08003eb8       0x9c
 *(.ARM.extab* .gnu.linkonce.armextab.*)
 .ARM.extab.text._ZN11Aircylinder4OpenEv
                0x08003eb8        0xc Inc\Aircylinder\Aircylinder.o
 .ARM.extab.text._ZN11Aircylinder5CloseEv
                0x08003ec4        0xc Inc\Aircylinder\Aircylinder.o
 .ARM.extab.text._ZN3App4OpenEv
                0x08003ed0        0xc Inc\Application\Application.o
 .ARM.extab.text._ZN3App5CloseEv
                0x08003edc        0xc Inc\Application\Application.o
 .ARM.extab.text._ZN3App9TaskShiftEv
                0x08003ee8        0xc Inc\Application\Application.o
 .ARM.extab.text._Z12FilterConfigv
                0x08003ef4        0xc Inc\CAN\CAN.o
 .ARM.extab.text.HAL_CAN_RxFifo0MsgPendingCallback
                0x08003f00        0xc Inc\CAN\CAN.o
 .ARM.extab.text._ZN6CanBusC2Emm
                0x08003f0c        0x0 Src\main.o
 .ARM.extab.text._ZN11AircylinderC2EP12GPIO_TypeDeft
                0x08003f0c        0xc Src\main.o
 .ARM.extab.text._ZN21LowlayerHandelTypedefC2Ev
                0x08003f18        0xc Src\main.o
 .ARM.extab.text._ZN3AppC2EP21LowlayerHandelTypedef
                0x08003f24        0x0 Src\main.o
 .ARM.extab.text.main
                0x08003f24        0xc Src\main.o
 .ARM.extab.text._Z18SystemClock_Configv
                0x08003f30        0xc Src\main.o
 .ARM.extab     0x08003f3c       0x18 c:/program files (x86)/atollic/truestudio for stm32 9.0.1/armtools/bin/../lib/gcc/arm-atollic-eabi/6.3.1/armv7e-m/fpu\libgcc.a(pr-support.o)

.ARM            0x08003f54      0x128
                0x08003f54                __exidx_start = .
 *(.ARM.exidx*)
 .ARM.exidx.text._ZN11Aircylinder4OpenEv
                0x0800400c        0x8 Inc\Aircylinder\Aircylinder.o
 .ARM.exidx.text._ZN11Aircylinder5CloseEv
                0x08004014        0x8 Inc\Aircylinder\Aircylinder.o
 .ARM.exidx.text._ZN3App4OpenEv
                0x0800401c        0x8 Inc\Application\Application.o
 .ARM.exidx.text._ZN3App5CloseEv
                0x08004024        0x8 Inc\Application\Application.o
 .ARM.exidx.text._ZN3App9TaskShiftEv
                0x0800402c        0x8 Inc\Application\Application.o
 .ARM.exidx.text._Z12FilterConfigv
                0x08004034        0x8 Inc\CAN\CAN.o
 .ARM.exidx.text.HAL_CAN_RxFifo0MsgPendingCallback
                0x0800403c       0x10 Inc\CAN\CAN.o
                                  0x8 (size before relaxing)
 .ARM.exidx.text._ZN6CanBusC2Emm
                0x0800404c        0x0 Src\main.o
                                  0x8 (size before relaxing)
 .ARM.exidx.text._ZN11AircylinderC2EP12GPIO_TypeDeft
                0x0800404c        0x8 Src\main.o
 .ARM.exidx.text._ZN21LowlayerHandelTypedefC2Ev
                0x08004054        0x8 Src\main.o
 .ARM.exidx.text._ZN3AppC2EP21LowlayerHandelTypedef
                0x0800405c        0x8 Src\main.o
 .ARM.exidx.text.main
                0x08004064        0x8 Src\main.o
 .ARM.exidx.text._Z18SystemClock_Configv
                0x0800406c        0x8 Src\main.o
 .ARM.exidx.text.Error_Handler
                0x08004074        0x8 Src\main.o
 .ARM.exidx     0x08003f54       0x80 c:/program files (x86)/atollic/truestudio for stm32 9.0.1/armtools/bin/../lib/gcc/arm-atollic-eabi/6.3.1/armv7e-m/fpu\libgcc.a(unwind-arm.o)
                                 0xd8 (size before relaxing)
 .ARM.exidx     0x08003fd4       0x38 c:/program files (x86)/atollic/truestudio for stm32 9.0.1/armtools/bin/../lib/gcc/arm-atollic-eabi/6.3.1/armv7e-m/fpu\libgcc.a(pr-support.o)
                                 0x48 (size before relaxing)
                0x0800407c                __exidx_end = .

.rel.dyn        0x0800407c        0x0
 .rel.iplt      0x0800407c        0x0 c:/program files (x86)/atollic/truestudio for stm32 9.0.1/armtools/bin/../lib/gcc/arm-atollic-eabi/6.3.1/armv7e-m/fpu/crtbegin.o

.preinit_array  0x0800407c        0x0
                0x0800407c                PROVIDE (__preinit_array_start, .)
 *(.preinit_array*)
                0x0800407c                PROVIDE (__preinit_array_end, .)

.init_array     0x0800407c        0x4
                0x0800407c                PROVIDE (__init_array_start, .)
 *(SORT(.init_array.*))
 *(.init_array*)
 .init_array    0x0800407c        0x4 c:/program files (x86)/atollic/truestudio for stm32 9.0.1/armtools/bin/../lib/gcc/arm-atollic-eabi/6.3.1/armv7e-m/fpu/crtbegin.o
                0x08004080                PROVIDE (__init_array_end, .)

.fini_array     0x08004080        0x4
                [!provide]                PROVIDE (__fini_array_start, .)
 *(SORT(.fini_array.*))
 *(.fini_array*)
 .fini_array    0x08004080        0x4 c:/program files (x86)/atollic/truestudio for stm32 9.0.1/armtools/bin/../lib/gcc/arm-atollic-eabi/6.3.1/armv7e-m/fpu/crtbegin.o
                [!provide]                PROVIDE (__fini_array_end, .)
                0x08004084                _sidata = LOADADDR (.data)

.data           0x20000000       0x70 load address 0x08004084
                0x20000000                . = ALIGN (0x4)
                0x20000000                _sdata = .
 *(.data)
 *(.data*)
 .data.uwTickFreq
                0x20000000        0x1 Drivers\STM32F3xx_HAL_Driver\Src\stm32f3xx_hal.o
                0x20000000                uwTickFreq
 *fill*         0x20000001        0x3 
 .data.uwTickPrio
                0x20000004        0x4 Drivers\STM32F3xx_HAL_Driver\Src\stm32f3xx_hal.o
                0x20000004                uwTickPrio
 .data.SystemCoreClock
                0x20000008        0x4 Src\system_stm32f3xx.o
                0x20000008                SystemCoreClock
 .data._impure_ptr
                0x2000000c        0x4 c:/program files (x86)/atollic/truestudio for stm32 9.0.1/armtools/bin/../lib/gcc/arm-atollic-eabi/6.3.1/../../../../arm-atollic-eabi/lib/armv7e-m/fpu\libc_nano.a(lib_a-impure.o)
                0x2000000c                _impure_ptr
 .data.impure_data
                0x20000010       0x60 c:/program files (x86)/atollic/truestudio for stm32 9.0.1/armtools/bin/../lib/gcc/arm-atollic-eabi/6.3.1/../../../../arm-atollic-eabi/lib/armv7e-m/fpu\libc_nano.a(lib_a-impure.o)
                0x20000070                . = ALIGN (0x4)
                0x20000070                _edata = .
                0x080040f4                _siccmram = LOADADDR (.ccmram)

.igot.plt       0x20000070        0x0 load address 0x080040f4
 .igot.plt      0x20000070        0x0 c:/program files (x86)/atollic/truestudio for stm32 9.0.1/armtools/bin/../lib/gcc/arm-atollic-eabi/6.3.1/armv7e-m/fpu/crtbegin.o

.ccmram         0x10000000        0x0 load address 0x080040f4
                0x10000000                . = ALIGN (0x4)
                0x10000000                _sccmram = .
 *(.ccmram)
 *(.ccmram*)
                0x10000000                . = ALIGN (0x4)
                0x10000000                _eccmram = .
                0x10000000                . = ALIGN (0x4)

.bss            0x20000070       0xf4
                0x20000070                _sbss = .
                0x20000070                __bss_start__ = _sbss
 *(.bss)
 .bss           0x20000070       0x1c c:/program files (x86)/atollic/truestudio for stm32 9.0.1/armtools/bin/../lib/gcc/arm-atollic-eabi/6.3.1/armv7e-m/fpu/crtbegin.o
 .bss           0x2000008c       0x29 Inc\CAN\CAN.o
                0x2000008c                RxFIFO_Data
                0x20000094                RXmsg
                0x200000b0                rx_led
                0x200000b4                CanRxFlag
 *(.bss*)
 *fill*         0x200000b5        0x3 
 .bss.heap_end.7010
                0x200000b8        0x4 Src\syscalls.o
 .bss.__malloc_free_list
                0x200000bc        0x4 c:/program files (x86)/atollic/truestudio for stm32 9.0.1/armtools/bin/../lib/gcc/arm-atollic-eabi/6.3.1/../../../../arm-atollic-eabi/lib/armv7e-m/fpu\libc_nano.a(lib_a-nano-mallocr.o)
                0x200000bc                __malloc_free_list
 .bss.__malloc_sbrk_start
                0x200000c0        0x4 c:/program files (x86)/atollic/truestudio for stm32 9.0.1/armtools/bin/../lib/gcc/arm-atollic-eabi/6.3.1/../../../../arm-atollic-eabi/lib/armv7e-m/fpu\libc_nano.a(lib_a-nano-mallocr.o)
                0x200000c0                __malloc_sbrk_start
 *(COMMON)
 COMMON         0x200000c4        0x4 Drivers\STM32F3xx_HAL_Driver\Src\stm32f3xx_hal.o
                0x200000c4                uwTick
 COMMON         0x200000c8       0x28 Src\can.o
                0x200000c8                hcan
 COMMON         0x200000f0       0x70 Src\usart.o
                0x200000f0                huart2
 COMMON         0x20000160        0x4 c:/program files (x86)/atollic/truestudio for stm32 9.0.1/armtools/bin/../lib/gcc/arm-atollic-eabi/6.3.1/../../../../arm-atollic-eabi/lib/armv7e-m/fpu\libc_nano.a(lib_a-reent.o)
                0x20000160                errno
                0x20000164                . = ALIGN (0x4)
                0x20000164                _ebss = .
                0x20000164                __bss_end__ = _ebss

._user_heap_stack
                0x20000164      0x600
                0x20000164                . = ALIGN (0x4)
                0x20000164                PROVIDE (end, .)
                [!provide]                PROVIDE (_end, .)
                0x20000364                . = (. + _Min_Heap_Size)
 *fill*         0x20000164      0x200 
                0x20000764                . = (. + _Min_Stack_Size)
 *fill*         0x20000364      0x400 
                0x20000764                . = ALIGN (0x4)

/DISCARD/
 libc.a(*)
 libm.a(*)
 libgcc.a(*)

.ARM.attributes
                0x00000000       0x30
 *(.ARM.attributes)
 .ARM.attributes
                0x00000000       0x22 c:/program files (x86)/atollic/truestudio for stm32 9.0.1/armtools/bin/../lib/gcc/arm-atollic-eabi/6.3.1/armv7e-m/fpu/crti.o
 .ARM.attributes
                0x00000022       0x34 c:/program files (x86)/atollic/truestudio for stm32 9.0.1/armtools/bin/../lib/gcc/arm-atollic-eabi/6.3.1/armv7e-m/fpu/crtbegin.o
 .ARM.attributes
                0x00000056       0x39 Drivers\STM32F3xx_HAL_Driver\Src\stm32f3xx_hal.o
 .ARM.attributes
                0x0000008f       0x39 Drivers\STM32F3xx_HAL_Driver\Src\stm32f3xx_hal_can.o
 .ARM.attributes
                0x000000c8       0x39 Drivers\STM32F3xx_HAL_Driver\Src\stm32f3xx_hal_cortex.o
 .ARM.attributes
                0x00000101       0x39 Drivers\STM32F3xx_HAL_Driver\Src\stm32f3xx_hal_gpio.o
 .ARM.attributes
                0x0000013a       0x39 Drivers\STM32F3xx_HAL_Driver\Src\stm32f3xx_hal_rcc.o
 .ARM.attributes
                0x00000173       0x39 Drivers\STM32F3xx_HAL_Driver\Src\stm32f3xx_hal_uart.o
 .ARM.attributes
                0x000001ac       0x39 Inc\Aircylinder\Aircylinder.o
 .ARM.attributes
                0x000001e5       0x39 Inc\Application\Application.o
 .ARM.attributes
                0x0000021e       0x39 Inc\CAN\CAN.o
 .ARM.attributes
                0x00000257       0x39 Src\can.o
 .ARM.attributes
                0x00000290       0x39 Src\gpio.o
 .ARM.attributes
                0x000002c9       0x39 Src\main.o
 .ARM.attributes
                0x00000302       0x39 Src\scanf.o
 .ARM.attributes
                0x0000033b       0x39 Src\stm32f3xx_hal_msp.o
 .ARM.attributes
                0x00000374       0x39 Src\stm32f3xx_it.o
 .ARM.attributes
                0x000003ad       0x39 Src\syscalls.o
 .ARM.attributes
                0x000003e6       0x39 Src\system_stm32f3xx.o
 .ARM.attributes
                0x0000041f       0x39 Src\usart.o
 .ARM.attributes
                0x00000458       0x21 startup\startup_stm32f303x8.o
 .ARM.attributes
                0x00000479       0x34 c:/program files (x86)/atollic/truestudio for stm32 9.0.1/armtools/bin/../lib/gcc/arm-atollic-eabi/6.3.1/../../../../arm-atollic-eabi/lib/armv7e-m/fpu\libc_nano.a(lib_a-errno.o)
 .ARM.attributes
                0x000004ad       0x34 c:/program files (x86)/atollic/truestudio for stm32 9.0.1/armtools/bin/../lib/gcc/arm-atollic-eabi/6.3.1/../../../../arm-atollic-eabi/lib/armv7e-m/fpu\libc_nano.a(lib_a-impure.o)
 .ARM.attributes
                0x000004e1       0x34 c:/program files (x86)/atollic/truestudio for stm32 9.0.1/armtools/bin/../lib/gcc/arm-atollic-eabi/6.3.1/../../../../arm-atollic-eabi/lib/armv7e-m/fpu\libc_nano.a(lib_a-init.o)
 .ARM.attributes
                0x00000515       0x34 c:/program files (x86)/atollic/truestudio for stm32 9.0.1/armtools/bin/../lib/gcc/arm-atollic-eabi/6.3.1/../../../../arm-atollic-eabi/lib/armv7e-m/fpu\libc_nano.a(lib_a-memset.o)
 .ARM.attributes
                0x00000549       0x34 c:/program files (x86)/atollic/truestudio for stm32 9.0.1/armtools/bin/../lib/gcc/arm-atollic-eabi/6.3.1/../../../../arm-atollic-eabi/lib/armv7e-m/fpu\libc_nano.a(lib_a-printf.o)
 .ARM.attributes
                0x0000057d       0x34 c:/program files (x86)/atollic/truestudio for stm32 9.0.1/armtools/bin/../lib/gcc/arm-atollic-eabi/6.3.1/../../../../arm-atollic-eabi/lib/armv7e-m/fpu\libc_nano.a(lib_a-findfp.o)
 .ARM.attributes
                0x000005b1       0x34 c:/program files (x86)/atollic/truestudio for stm32 9.0.1/armtools/bin/../lib/gcc/arm-atollic-eabi/6.3.1/../../../../arm-atollic-eabi/lib/armv7e-m/fpu\libc_nano.a(lib_a-fwalk.o)
 .ARM.attributes
                0x000005e5       0x34 c:/program files (x86)/atollic/truestudio for stm32 9.0.1/armtools/bin/../lib/gcc/arm-atollic-eabi/6.3.1/../../../../arm-atollic-eabi/lib/armv7e-m/fpu\libc_nano.a(lib_a-nano-mallocr.o)
 .ARM.attributes
                0x00000619       0x34 c:/program files (x86)/atollic/truestudio for stm32 9.0.1/armtools/bin/../lib/gcc/arm-atollic-eabi/6.3.1/../../../../arm-atollic-eabi/lib/armv7e-m/fpu\libc_nano.a(lib_a-nano-vfprintf.o)
 .ARM.attributes
                0x0000064d       0x34 c:/program files (x86)/atollic/truestudio for stm32 9.0.1/armtools/bin/../lib/gcc/arm-atollic-eabi/6.3.1/../../../../arm-atollic-eabi/lib/armv7e-m/fpu\libc_nano.a(lib_a-nano-vfprintf_i.o)
 .ARM.attributes
                0x00000681       0x34 c:/program files (x86)/atollic/truestudio for stm32 9.0.1/armtools/bin/../lib/gcc/arm-atollic-eabi/6.3.1/../../../../arm-atollic-eabi/lib/armv7e-m/fpu\libc_nano.a(lib_a-sbrkr.o)
 .ARM.attributes
                0x000006b5       0x34 c:/program files (x86)/atollic/truestudio for stm32 9.0.1/armtools/bin/../lib/gcc/arm-atollic-eabi/6.3.1/../../../../arm-atollic-eabi/lib/armv7e-m/fpu\libc_nano.a(lib_a-stdio.o)
 .ARM.attributes
                0x000006e9       0x34 c:/program files (x86)/atollic/truestudio for stm32 9.0.1/armtools/bin/../lib/gcc/arm-atollic-eabi/6.3.1/../../../../arm-atollic-eabi/lib/armv7e-m/fpu\libc_nano.a(lib_a-wbuf.o)
 .ARM.attributes
                0x0000071d       0x34 c:/program files (x86)/atollic/truestudio for stm32 9.0.1/armtools/bin/../lib/gcc/arm-atollic-eabi/6.3.1/../../../../arm-atollic-eabi/lib/armv7e-m/fpu\libc_nano.a(lib_a-writer.o)
 .ARM.attributes
                0x00000751       0x34 c:/program files (x86)/atollic/truestudio for stm32 9.0.1/armtools/bin/../lib/gcc/arm-atollic-eabi/6.3.1/../../../../arm-atollic-eabi/lib/armv7e-m/fpu\libc_nano.a(lib_a-wsetup.o)
 .ARM.attributes
                0x00000785       0x34 c:/program files (x86)/atollic/truestudio for stm32 9.0.1/armtools/bin/../lib/gcc/arm-atollic-eabi/6.3.1/../../../../arm-atollic-eabi/lib/armv7e-m/fpu\libc_nano.a(lib_a-closer.o)
 .ARM.attributes
                0x000007b9       0x34 c:/program files (x86)/atollic/truestudio for stm32 9.0.1/armtools/bin/../lib/gcc/arm-atollic-eabi/6.3.1/../../../../arm-atollic-eabi/lib/armv7e-m/fpu\libc_nano.a(lib_a-fflush.o)
 .ARM.attributes
                0x000007ed       0x34 c:/program files (x86)/atollic/truestudio for stm32 9.0.1/armtools/bin/../lib/gcc/arm-atollic-eabi/6.3.1/../../../../arm-atollic-eabi/lib/armv7e-m/fpu\libc_nano.a(lib_a-lseekr.o)
 .ARM.attributes
                0x00000821       0x34 c:/program files (x86)/atollic/truestudio for stm32 9.0.1/armtools/bin/../lib/gcc/arm-atollic-eabi/6.3.1/../../../../arm-atollic-eabi/lib/armv7e-m/fpu\libc_nano.a(lib_a-makebuf.o)
 .ARM.attributes
                0x00000855       0x20 c:/program files (x86)/atollic/truestudio for stm32 9.0.1/armtools/bin/../lib/gcc/arm-atollic-eabi/6.3.1/../../../../arm-atollic-eabi/lib/armv7e-m/fpu\libc_nano.a(lib_a-memchr.o)
 .ARM.attributes
                0x00000875       0x34 c:/program files (x86)/atollic/truestudio for stm32 9.0.1/armtools/bin/../lib/gcc/arm-atollic-eabi/6.3.1/../../../../arm-atollic-eabi/lib/armv7e-m/fpu\libc_nano.a(lib_a-memcpy-stub.o)
 .ARM.attributes
                0x000008a9       0x34 c:/program files (x86)/atollic/truestudio for stm32 9.0.1/armtools/bin/../lib/gcc/arm-atollic-eabi/6.3.1/../../../../arm-atollic-eabi/lib/armv7e-m/fpu\libc_nano.a(lib_a-mlock.o)
 .ARM.attributes
                0x000008dd       0x34 c:/program files (x86)/atollic/truestudio for stm32 9.0.1/armtools/bin/../lib/gcc/arm-atollic-eabi/6.3.1/../../../../arm-atollic-eabi/lib/armv7e-m/fpu\libc_nano.a(lib_a-nano-freer.o)
 .ARM.attributes
                0x00000911       0x34 c:/program files (x86)/atollic/truestudio for stm32 9.0.1/armtools/bin/../lib/gcc/arm-atollic-eabi/6.3.1/../../../../arm-atollic-eabi/lib/armv7e-m/fpu\libc_nano.a(lib_a-readr.o)
 .ARM.attributes
                0x00000945       0x34 c:/program files (x86)/atollic/truestudio for stm32 9.0.1/armtools/bin/../lib/gcc/arm-atollic-eabi/6.3.1/../../../../arm-atollic-eabi/lib/armv7e-m/fpu\libc_nano.a(lib_a-reent.o)
 .ARM.attributes
                0x00000979       0x34 c:/program files (x86)/atollic/truestudio for stm32 9.0.1/armtools/bin/../lib/gcc/arm-atollic-eabi/6.3.1/../../../../arm-atollic-eabi/lib/armv7e-m/fpu\libc_nano.a(lib_a-fstatr.o)
 .ARM.attributes
                0x000009ad       0x34 c:/program files (x86)/atollic/truestudio for stm32 9.0.1/armtools/bin/../lib/gcc/arm-atollic-eabi/6.3.1/../../../../arm-atollic-eabi/lib/armv7e-m/fpu\libc_nano.a(lib_a-isattyr.o)
 .ARM.attributes
                0x000009e1       0x34 c:/program files (x86)/atollic/truestudio for stm32 9.0.1/armtools/bin/../lib/gcc/arm-atollic-eabi/6.3.1/armv7e-m/fpu\libgcc.a(unwind-arm.o)
 .ARM.attributes
                0x00000a15       0x22 c:/program files (x86)/atollic/truestudio for stm32 9.0.1/armtools/bin/../lib/gcc/arm-atollic-eabi/6.3.1/armv7e-m/fpu\libgcc.a(libunwind.o)
 .ARM.attributes
                0x00000a37       0x34 c:/program files (x86)/atollic/truestudio for stm32 9.0.1/armtools/bin/../lib/gcc/arm-atollic-eabi/6.3.1/armv7e-m/fpu\libgcc.a(pr-support.o)
 .ARM.attributes
                0x00000a6b       0x34 c:/program files (x86)/atollic/truestudio for stm32 9.0.1/armtools/bin/../lib/gcc/arm-atollic-eabi/6.3.1/../../../../arm-atollic-eabi/lib/armv7e-m/fpu\libc_nano.a(lib_a-abort.o)
 .ARM.attributes
                0x00000a9f       0x34 c:/program files (x86)/atollic/truestudio for stm32 9.0.1/armtools/bin/../lib/gcc/arm-atollic-eabi/6.3.1/../../../../arm-atollic-eabi/lib/armv7e-m/fpu\libc_nano.a(lib_a-signal.o)
 .ARM.attributes
                0x00000ad3       0x34 c:/program files (x86)/atollic/truestudio for stm32 9.0.1/armtools/bin/../lib/gcc/arm-atollic-eabi/6.3.1/../../../../arm-atollic-eabi/lib/armv7e-m/fpu\libc_nano.a(lib_a-signalr.o)
 .ARM.attributes
                0x00000b07       0x22 c:/program files (x86)/atollic/truestudio for stm32 9.0.1/armtools/bin/../lib/gcc/arm-atollic-eabi/6.3.1/armv7e-m/fpu/crtn.o
OUTPUT(SympleAircylinder.elf elf32-littlearm)

.debug_info     0x00000000    0x1478a
 .debug_info    0x00000000     0x102a Drivers\STM32F3xx_HAL_Driver\Src\stm32f3xx_hal.o
 .debug_info    0x0000102a     0x1902 Drivers\STM32F3xx_HAL_Driver\Src\stm32f3xx_hal_can.o
 .debug_info    0x0000292c     0x14be Drivers\STM32F3xx_HAL_Driver\Src\stm32f3xx_hal_cortex.o
 .debug_info    0x00003dea      0xfec Drivers\STM32F3xx_HAL_Driver\Src\stm32f3xx_hal_gpio.o
 .debug_info    0x00004dd6     0x1bc7 Drivers\STM32F3xx_HAL_Driver\Src\stm32f3xx_hal_rcc.o
 .debug_info    0x0000699d     0x2275 Drivers\STM32F3xx_HAL_Driver\Src\stm32f3xx_hal_uart.o
 .debug_info    0x00008c12      0xb53 Inc\Aircylinder\Aircylinder.o
 .debug_info    0x00009765      0xee2 Inc\Application\Application.o
 .debug_info    0x0000a647     0x11d7 Inc\CAN\CAN.o
 .debug_info    0x0000b81e     0x1265 Src\can.o
 .debug_info    0x0000ca83      0xcac Src\gpio.o
 .debug_info    0x0000d72f     0x19c1 Src\main.o
 .debug_info    0x0000f0f0      0xf7a Src\scanf.o
 .debug_info    0x0001006a      0xa88 Src\stm32f3xx_hal_msp.o
 .debug_info    0x00010af2      0xdf3 Src\stm32f3xx_it.o
 .debug_info    0x000118e5      0xfe1 Src\syscalls.o
 .debug_info    0x000128c6      0xc74 Src\system_stm32f3xx.o
 .debug_info    0x0001353a     0x11e1 Src\usart.o
 .debug_info    0x0001471b       0x6f startup\startup_stm32f303x8.o

.debug_abbrev   0x00000000     0x2f73
 .debug_abbrev  0x00000000      0x2f5 Drivers\STM32F3xx_HAL_Driver\Src\stm32f3xx_hal.o
 .debug_abbrev  0x000002f5      0x36a Drivers\STM32F3xx_HAL_Driver\Src\stm32f3xx_hal_can.o
 .debug_abbrev  0x0000065f      0x374 Drivers\STM32F3xx_HAL_Driver\Src\stm32f3xx_hal_cortex.o
 .debug_abbrev  0x000009d3      0x268 Drivers\STM32F3xx_HAL_Driver\Src\stm32f3xx_hal_gpio.o
 .debug_abbrev  0x00000c3b      0x358 Drivers\STM32F3xx_HAL_Driver\Src\stm32f3xx_hal_rcc.o
 .debug_abbrev  0x00000f93      0x384 Drivers\STM32F3xx_HAL_Driver\Src\stm32f3xx_hal_uart.o
 .debug_abbrev  0x00001317      0x228 Inc\Aircylinder\Aircylinder.o
 .debug_abbrev  0x0000153f      0x2ad Inc\Application\Application.o
 .debug_abbrev  0x000017ec      0x29f Inc\CAN\CAN.o
 .debug_abbrev  0x00001a8b      0x281 Src\can.o
 .debug_abbrev  0x00001d0c      0x204 Src\gpio.o
 .debug_abbrev  0x00001f10      0x368 Src\main.o
 .debug_abbrev  0x00002278      0x1ff Src\scanf.o
 .debug_abbrev  0x00002477      0x1be Src\stm32f3xx_hal_msp.o
 .debug_abbrev  0x00002635      0x224 Src\stm32f3xx_it.o
 .debug_abbrev  0x00002859      0x2d9 Src\syscalls.o
 .debug_abbrev  0x00002b32      0x1e2 Src\system_stm32f3xx.o
 .debug_abbrev  0x00002d14      0x24d Src\usart.o
 .debug_abbrev  0x00002f61       0x12 startup\startup_stm32f303x8.o

.debug_loc      0x00000000     0x3651
 .debug_loc     0x00000000      0x11b Drivers\STM32F3xx_HAL_Driver\Src\stm32f3xx_hal.o
 .debug_loc     0x0000011b      0xa88 Drivers\STM32F3xx_HAL_Driver\Src\stm32f3xx_hal_can.o
 .debug_loc     0x00000ba3      0x4da Drivers\STM32F3xx_HAL_Driver\Src\stm32f3xx_hal_cortex.o
 .debug_loc     0x0000107d      0x2ba Drivers\STM32F3xx_HAL_Driver\Src\stm32f3xx_hal_gpio.o
 .debug_loc     0x00001337      0x8ea Drivers\STM32F3xx_HAL_Driver\Src\stm32f3xx_hal_rcc.o
 .debug_loc     0x00001c21     0x146f Drivers\STM32F3xx_HAL_Driver\Src\stm32f3xx_hal_uart.o
 .debug_loc     0x00003090       0x58 Src\can.o
 .debug_loc     0x000030e8       0x40 Src\scanf.o
 .debug_loc     0x00003128      0x3ef Src\syscalls.o
 .debug_loc     0x00003517       0xe2 Src\system_stm32f3xx.o
 .debug_loc     0x000035f9       0x58 Src\usart.o

.debug_aranges  0x00000000      0x7a0
 .debug_aranges
                0x00000000       0xd8 Drivers\STM32F3xx_HAL_Driver\Src\stm32f3xx_hal.o
 .debug_aranges
                0x000000d8       0xc8 Drivers\STM32F3xx_HAL_Driver\Src\stm32f3xx_hal_can.o
 .debug_aranges
                0x000001a0       0x90 Drivers\STM32F3xx_HAL_Driver\Src\stm32f3xx_hal_cortex.o
 .debug_aranges
                0x00000230       0x58 Drivers\STM32F3xx_HAL_Driver\Src\stm32f3xx_hal_gpio.o
 .debug_aranges
                0x00000288       0x88 Drivers\STM32F3xx_HAL_Driver\Src\stm32f3xx_hal_rcc.o
 .debug_aranges
                0x00000310      0x1a0 Drivers\STM32F3xx_HAL_Driver\Src\stm32f3xx_hal_uart.o
 .debug_aranges
                0x000004b0       0x28 Inc\Aircylinder\Aircylinder.o
 .debug_aranges
                0x000004d8       0x30 Inc\Application\Application.o
 .debug_aranges
                0x00000508       0x30 Inc\CAN\CAN.o
 .debug_aranges
                0x00000538       0x30 Src\can.o
 .debug_aranges
                0x00000568       0x20 Src\gpio.o
 .debug_aranges
                0x00000588       0x50 Src\main.o
 .debug_aranges
                0x000005d8       0x28 Src\scanf.o
 .debug_aranges
                0x00000600       0x20 Src\stm32f3xx_hal_msp.o
 .debug_aranges
                0x00000620       0x50 Src\stm32f3xx_it.o
 .debug_aranges
                0x00000670       0xb0 Src\syscalls.o
 .debug_aranges
                0x00000720       0x28 Src\system_stm32f3xx.o
 .debug_aranges
                0x00000748       0x30 Src\usart.o
 .debug_aranges
                0x00000778       0x28 startup\startup_stm32f303x8.o

.debug_ranges   0x00000000      0x910
 .debug_ranges  0x00000000       0xc8 Drivers\STM32F3xx_HAL_Driver\Src\stm32f3xx_hal.o
 .debug_ranges  0x000000c8       0xb8 Drivers\STM32F3xx_HAL_Driver\Src\stm32f3xx_hal_can.o
 .debug_ranges  0x00000180      0x120 Drivers\STM32F3xx_HAL_Driver\Src\stm32f3xx_hal_cortex.o
 .debug_ranges  0x000002a0       0x68 Drivers\STM32F3xx_HAL_Driver\Src\stm32f3xx_hal_gpio.o
 .debug_ranges  0x00000308      0x1d8 Drivers\STM32F3xx_HAL_Driver\Src\stm32f3xx_hal_rcc.o
 .debug_ranges  0x000004e0      0x190 Drivers\STM32F3xx_HAL_Driver\Src\stm32f3xx_hal_uart.o
 .debug_ranges  0x00000670       0x18 Inc\Aircylinder\Aircylinder.o
 .debug_ranges  0x00000688       0x20 Inc\Application\Application.o
 .debug_ranges  0x000006a8       0x20 Inc\CAN\CAN.o
 .debug_ranges  0x000006c8       0x38 Src\can.o
 .debug_ranges  0x00000700       0x40 Src\gpio.o
 .debug_ranges  0x00000740       0x40 Src\main.o
 .debug_ranges  0x00000780       0x18 Src\scanf.o
 .debug_ranges  0x00000798       0x28 Src\stm32f3xx_hal_msp.o
 .debug_ranges  0x000007c0       0x40 Src\stm32f3xx_it.o
 .debug_ranges  0x00000800       0xa0 Src\syscalls.o
 .debug_ranges  0x000008a0       0x18 Src\system_stm32f3xx.o
 .debug_ranges  0x000008b8       0x38 Src\usart.o
 .debug_ranges  0x000008f0       0x20 startup\startup_stm32f303x8.o

.debug_line     0x00000000     0x4f85
 .debug_line    0x00000000      0x47d Drivers\STM32F3xx_HAL_Driver\Src\stm32f3xx_hal.o
 .debug_line    0x0000047d      0x685 Drivers\STM32F3xx_HAL_Driver\Src\stm32f3xx_hal_can.o
 .debug_line    0x00000b02      0x45d Drivers\STM32F3xx_HAL_Driver\Src\stm32f3xx_hal_cortex.o
 .debug_line    0x00000f5f      0x46c Drivers\STM32F3xx_HAL_Driver\Src\stm32f3xx_hal_gpio.o
 .debug_line    0x000013cb      0x871 Drivers\STM32F3xx_HAL_Driver\Src\stm32f3xx_hal_rcc.o
 .debug_line    0x00001c3c      0xd12 Drivers\STM32F3xx_HAL_Driver\Src\stm32f3xx_hal_uart.o
 .debug_line    0x0000294e      0x2be Inc\Aircylinder\Aircylinder.o
 .debug_line    0x00002c0c      0x370 Inc\Application\Application.o
 .debug_line    0x00002f7c      0x32a Inc\CAN\CAN.o
 .debug_line    0x000032a6      0x344 Src\can.o
 .debug_line    0x000035ea      0x2aa Src\gpio.o
 .debug_line    0x00003894      0x419 Src\main.o
 .debug_line    0x00003cad      0x346 Src\scanf.o
 .debug_line    0x00003ff3      0x27e Src\stm32f3xx_hal_msp.o
 .debug_line    0x00004271      0x2fc Src\stm32f3xx_it.o
 .debug_line    0x0000456d      0x3bb Src\syscalls.o
 .debug_line    0x00004928      0x2b7 Src\system_stm32f3xx.o
 .debug_line    0x00004bdf      0x327 Src\usart.o
 .debug_line    0x00004f06       0x7f startup\startup_stm32f303x8.o

.debug_str      0x00000000     0x2fad
 .debug_str     0x00000000      0xbe1 Drivers\STM32F3xx_HAL_Driver\Src\stm32f3xx_hal.o
                                0xcd5 (size before relaxing)
 .debug_str     0x00000be1      0x735 Drivers\STM32F3xx_HAL_Driver\Src\stm32f3xx_hal_can.o
                                0xf4a (size before relaxing)
 .debug_str     0x00001316      0x2af Drivers\STM32F3xx_HAL_Driver\Src\stm32f3xx_hal_cortex.o
                                0xdc6 (size before relaxing)
 .debug_str     0x000015c5      0x217 Drivers\STM32F3xx_HAL_Driver\Src\stm32f3xx_hal_gpio.o
                                0x9be (size before relaxing)
 .debug_str     0x000017dc      0x2bb Drivers\STM32F3xx_HAL_Driver\Src\stm32f3xx_hal_rcc.o
                                0xb2b (size before relaxing)
 .debug_str     0x00001a97      0xa43 Drivers\STM32F3xx_HAL_Driver\Src\stm32f3xx_hal_uart.o
                               0x1340 (size before relaxing)
 .debug_str     0x000024da      0x1b5 Inc\Aircylinder\Aircylinder.o
                                0x801 (size before relaxing)
 .debug_str     0x0000268f      0x1fc Inc\Application\Application.o
                                0xa3c (size before relaxing)
 .debug_str     0x0000288b       0xfd Inc\CAN\CAN.o
                                0xd41 (size before relaxing)
 .debug_str     0x00002988       0x48 Src\can.o
                                0xddd (size before relaxing)
 .debug_str     0x000029d0       0x1b Src\gpio.o
                                0x7d6 (size before relaxing)
 .debug_str     0x000029eb      0x1ee Src\main.o
                               0x142f (size before relaxing)
 .debug_str     0x00002bd9       0x29 Src\scanf.o
                                0xb61 (size before relaxing)
 .debug_str     0x00002c02       0x1b Src\stm32f3xx_hal_msp.o
                                0x71e (size before relaxing)
 .debug_str     0x00002c1d       0xcc Src\stm32f3xx_it.o
                                0xa27 (size before relaxing)
 .debug_str     0x00002ce9      0x23c Src\syscalls.o
                                0x871 (size before relaxing)
 .debug_str     0x00002f25       0x5a Src\system_stm32f3xx.o
                                0x7a8 (size before relaxing)
 .debug_str     0x00002f7f       0x2e Src\usart.o
                                0xc8b (size before relaxing)

.comment        0x00000000       0x7c
 .comment       0x00000000       0x7c Drivers\STM32F3xx_HAL_Driver\Src\stm32f3xx_hal.o
                                 0x7d (size before relaxing)
 .comment       0x0000007c       0x7d Drivers\STM32F3xx_HAL_Driver\Src\stm32f3xx_hal_can.o
 .comment       0x0000007c       0x7d Drivers\STM32F3xx_HAL_Driver\Src\stm32f3xx_hal_cortex.o
 .comment       0x0000007c       0x7d Drivers\STM32F3xx_HAL_Driver\Src\stm32f3xx_hal_gpio.o
 .comment       0x0000007c       0x7d Drivers\STM32F3xx_HAL_Driver\Src\stm32f3xx_hal_rcc.o
 .comment       0x0000007c       0x7d Drivers\STM32F3xx_HAL_Driver\Src\stm32f3xx_hal_uart.o
 .comment       0x0000007c       0x7d Inc\Aircylinder\Aircylinder.o
 .comment       0x0000007c       0x7d Inc\Application\Application.o
 .comment       0x0000007c       0x7d Inc\CAN\CAN.o
 .comment       0x0000007c       0x7d Src\can.o
 .comment       0x0000007c       0x7d Src\gpio.o
 .comment       0x0000007c       0x7d Src\main.o
 .comment       0x0000007c       0x7d Src\scanf.o
 .comment       0x0000007c       0x7d Src\stm32f3xx_hal_msp.o
 .comment       0x0000007c       0x7d Src\stm32f3xx_it.o
 .comment       0x0000007c       0x7d Src\syscalls.o
 .comment       0x0000007c       0x7d Src\system_stm32f3xx.o
 .comment       0x0000007c       0x7d Src\usart.o

.debug_frame    0x00000000     0x2038
 .debug_frame   0x00000000      0x1d0 Drivers\STM32F3xx_HAL_Driver\Src\stm32f3xx_hal.o
 .debug_frame   0x000001d0      0x2cc Drivers\STM32F3xx_HAL_Driver\Src\stm32f3xx_hal_can.o
 .debug_frame   0x0000049c      0x120 Drivers\STM32F3xx_HAL_Driver\Src\stm32f3xx_hal_cortex.o
 .debug_frame   0x000005bc       0xd8 Drivers\STM32F3xx_HAL_Driver\Src\stm32f3xx_hal_gpio.o
 .debug_frame   0x00000694      0x14c Drivers\STM32F3xx_HAL_Driver\Src\stm32f3xx_hal_rcc.o
 .debug_frame   0x000007e0      0x568 Drivers\STM32F3xx_HAL_Driver\Src\stm32f3xx_hal_uart.o
 .debug_frame   0x00000d48       0x58 Inc\Aircylinder\Aircylinder.o
 .debug_frame   0x00000da0       0x7c Inc\Application\Application.o
 .debug_frame   0x00000e1c       0x80 Inc\CAN\CAN.o
 .debug_frame   0x00000e9c       0x70 Src\can.o
 .debug_frame   0x00000f0c       0x34 Src\gpio.o
 .debug_frame   0x00000f40      0x10c Src\main.o
 .debug_frame   0x0000104c       0x40 Src\scanf.o
 .debug_frame   0x0000108c       0x28 Src\stm32f3xx_hal_msp.o
 .debug_frame   0x000010b4       0xc0 Src\stm32f3xx_it.o
 .debug_frame   0x00001174      0x1a8 Src\syscalls.o
 .debug_frame   0x0000131c       0x38 Src\system_stm32f3xx.o
 .debug_frame   0x00001354       0x60 Src\usart.o
 .debug_frame   0x000013b4       0x20 c:/program files (x86)/atollic/truestudio for stm32 9.0.1/armtools/bin/../lib/gcc/arm-atollic-eabi/6.3.1/../../../../arm-atollic-eabi/lib/armv7e-m/fpu\libc_nano.a(lib_a-errno.o)
 .debug_frame   0x000013d4       0x2c c:/program files (x86)/atollic/truestudio for stm32 9.0.1/armtools/bin/../lib/gcc/arm-atollic-eabi/6.3.1/../../../../arm-atollic-eabi/lib/armv7e-m/fpu\libc_nano.a(lib_a-init.o)
 .debug_frame   0x00001400       0x20 c:/program files (x86)/atollic/truestudio for stm32 9.0.1/armtools/bin/../lib/gcc/arm-atollic-eabi/6.3.1/../../../../arm-atollic-eabi/lib/armv7e-m/fpu\libc_nano.a(lib_a-memset.o)
 .debug_frame   0x00001420       0x74 c:/program files (x86)/atollic/truestudio for stm32 9.0.1/armtools/bin/../lib/gcc/arm-atollic-eabi/6.3.1/../../../../arm-atollic-eabi/lib/armv7e-m/fpu\libc_nano.a(lib_a-printf.o)
 .debug_frame   0x00001494      0x11c c:/program files (x86)/atollic/truestudio for stm32 9.0.1/armtools/bin/../lib/gcc/arm-atollic-eabi/6.3.1/../../../../arm-atollic-eabi/lib/armv7e-m/fpu\libc_nano.a(lib_a-findfp.o)
 .debug_frame   0x000015b0       0x54 c:/program files (x86)/atollic/truestudio for stm32 9.0.1/armtools/bin/../lib/gcc/arm-atollic-eabi/6.3.1/../../../../arm-atollic-eabi/lib/armv7e-m/fpu\libc_nano.a(lib_a-fwalk.o)
 .debug_frame   0x00001604       0x2c c:/program files (x86)/atollic/truestudio for stm32 9.0.1/armtools/bin/../lib/gcc/arm-atollic-eabi/6.3.1/../../../../arm-atollic-eabi/lib/armv7e-m/fpu\libc_nano.a(lib_a-nano-mallocr.o)
 .debug_frame   0x00001630       0xac c:/program files (x86)/atollic/truestudio for stm32 9.0.1/armtools/bin/../lib/gcc/arm-atollic-eabi/6.3.1/../../../../arm-atollic-eabi/lib/armv7e-m/fpu\libc_nano.a(lib_a-nano-vfprintf.o)
 .debug_frame   0x000016dc       0x60 c:/program files (x86)/atollic/truestudio for stm32 9.0.1/armtools/bin/../lib/gcc/arm-atollic-eabi/6.3.1/../../../../arm-atollic-eabi/lib/armv7e-m/fpu\libc_nano.a(lib_a-nano-vfprintf_i.o)
 .debug_frame   0x0000173c       0x2c c:/program files (x86)/atollic/truestudio for stm32 9.0.1/armtools/bin/../lib/gcc/arm-atollic-eabi/6.3.1/../../../../arm-atollic-eabi/lib/armv7e-m/fpu\libc_nano.a(lib_a-sbrkr.o)
 .debug_frame   0x00001768       0x88 c:/program files (x86)/atollic/truestudio for stm32 9.0.1/armtools/bin/../lib/gcc/arm-atollic-eabi/6.3.1/../../../../arm-atollic-eabi/lib/armv7e-m/fpu\libc_nano.a(lib_a-stdio.o)
 .debug_frame   0x000017f0       0x40 c:/program files (x86)/atollic/truestudio for stm32 9.0.1/armtools/bin/../lib/gcc/arm-atollic-eabi/6.3.1/../../../../arm-atollic-eabi/lib/armv7e-m/fpu\libc_nano.a(lib_a-wbuf.o)
 .debug_frame   0x00001830       0x2c c:/program files (x86)/atollic/truestudio for stm32 9.0.1/armtools/bin/../lib/gcc/arm-atollic-eabi/6.3.1/../../../../arm-atollic-eabi/lib/armv7e-m/fpu\libc_nano.a(lib_a-writer.o)
 .debug_frame   0x0000185c       0x2c c:/program files (x86)/atollic/truestudio for stm32 9.0.1/armtools/bin/../lib/gcc/arm-atollic-eabi/6.3.1/../../../../arm-atollic-eabi/lib/armv7e-m/fpu\libc_nano.a(lib_a-wsetup.o)
 .debug_frame   0x00001888       0x2c c:/program files (x86)/atollic/truestudio for stm32 9.0.1/armtools/bin/../lib/gcc/arm-atollic-eabi/6.3.1/../../../../arm-atollic-eabi/lib/armv7e-m/fpu\libc_nano.a(lib_a-closer.o)
 .debug_frame   0x000018b4       0x68 c:/program files (x86)/atollic/truestudio for stm32 9.0.1/armtools/bin/../lib/gcc/arm-atollic-eabi/6.3.1/../../../../arm-atollic-eabi/lib/armv7e-m/fpu\libc_nano.a(lib_a-fflush.o)
 .debug_frame   0x0000191c       0x2c c:/program files (x86)/atollic/truestudio for stm32 9.0.1/armtools/bin/../lib/gcc/arm-atollic-eabi/6.3.1/../../../../arm-atollic-eabi/lib/armv7e-m/fpu\libc_nano.a(lib_a-lseekr.o)
 .debug_frame   0x00001948       0x58 c:/program files (x86)/atollic/truestudio for stm32 9.0.1/armtools/bin/../lib/gcc/arm-atollic-eabi/6.3.1/../../../../arm-atollic-eabi/lib/armv7e-m/fpu\libc_nano.a(lib_a-makebuf.o)
 .debug_frame   0x000019a0       0x28 c:/program files (x86)/atollic/truestudio for stm32 9.0.1/armtools/bin/../lib/gcc/arm-atollic-eabi/6.3.1/../../../../arm-atollic-eabi/lib/armv7e-m/fpu\libc_nano.a(lib_a-memcpy-stub.o)
 .debug_frame   0x000019c8       0x30 c:/program files (x86)/atollic/truestudio for stm32 9.0.1/armtools/bin/../lib/gcc/arm-atollic-eabi/6.3.1/../../../../arm-atollic-eabi/lib/armv7e-m/fpu\libc_nano.a(lib_a-mlock.o)
 .debug_frame   0x000019f8       0x38 c:/program files (x86)/atollic/truestudio for stm32 9.0.1/armtools/bin/../lib/gcc/arm-atollic-eabi/6.3.1/../../../../arm-atollic-eabi/lib/armv7e-m/fpu\libc_nano.a(lib_a-nano-freer.o)
 .debug_frame   0x00001a30       0x2c c:/program files (x86)/atollic/truestudio for stm32 9.0.1/armtools/bin/../lib/gcc/arm-atollic-eabi/6.3.1/../../../../arm-atollic-eabi/lib/armv7e-m/fpu\libc_nano.a(lib_a-readr.o)
 .debug_frame   0x00001a5c       0x5c c:/program files (x86)/atollic/truestudio for stm32 9.0.1/armtools/bin/../lib/gcc/arm-atollic-eabi/6.3.1/../../../../arm-atollic-eabi/lib/armv7e-m/fpu\libc_nano.a(lib_a-reent.o)
 .debug_frame   0x00001ab8       0x2c c:/program files (x86)/atollic/truestudio for stm32 9.0.1/armtools/bin/../lib/gcc/arm-atollic-eabi/6.3.1/../../../../arm-atollic-eabi/lib/armv7e-m/fpu\libc_nano.a(lib_a-fstatr.o)
 .debug_frame   0x00001ae4       0x2c c:/program files (x86)/atollic/truestudio for stm32 9.0.1/armtools/bin/../lib/gcc/arm-atollic-eabi/6.3.1/../../../../arm-atollic-eabi/lib/armv7e-m/fpu\libc_nano.a(lib_a-isattyr.o)
 .debug_frame   0x00001b10      0x2f4 c:/program files (x86)/atollic/truestudio for stm32 9.0.1/armtools/bin/../lib/gcc/arm-atollic-eabi/6.3.1/armv7e-m/fpu\libgcc.a(unwind-arm.o)
 .debug_frame   0x00001e04      0x104 c:/program files (x86)/atollic/truestudio for stm32 9.0.1/armtools/bin/../lib/gcc/arm-atollic-eabi/6.3.1/armv7e-m/fpu\libgcc.a(pr-support.o)
 .debug_frame   0x00001f08       0x28 c:/program files (x86)/atollic/truestudio for stm32 9.0.1/armtools/bin/../lib/gcc/arm-atollic-eabi/6.3.1/../../../../arm-atollic-eabi/lib/armv7e-m/fpu\libc_nano.a(lib_a-abort.o)
 .debug_frame   0x00001f30       0xcc c:/program files (x86)/atollic/truestudio for stm32 9.0.1/armtools/bin/../lib/gcc/arm-atollic-eabi/6.3.1/../../../../arm-atollic-eabi/lib/armv7e-m/fpu\libc_nano.a(lib_a-signal.o)
 .debug_frame   0x00001ffc       0x3c c:/program files (x86)/atollic/truestudio for stm32 9.0.1/armtools/bin/../lib/gcc/arm-atollic-eabi/6.3.1/../../../../arm-atollic-eabi/lib/armv7e-m/fpu\libc_nano.a(lib_a-signalr.o)
