Archive member included to satisfy reference by file (symbol)

c:/program files (x86)/atollic/truestudio for stm32 9.0.1/armtools/bin/../lib/gcc/arm-atollic-eabi/6.3.1/../../../../arm-atollic-eabi/lib/armv7e-m/fpu\libc_nano.a(lib_a-errno.o)
                              Src\syscalls.o (__errno)
c:/program files (x86)/atollic/truestudio for stm32 9.0.1/armtools/bin/../lib/gcc/arm-atollic-eabi/6.3.1/../../../../arm-atollic-eabi/lib/armv7e-m/fpu\libc_nano.a(lib_a-impure.o)
                              c:/program files (x86)/atollic/truestudio for stm32 9.0.1/armtools/bin/../lib/gcc/arm-atollic-eabi/6.3.1/../../../../arm-atollic-eabi/lib/armv7e-m/fpu\libc_nano.a(lib_a-errno.o) (_impure_ptr)
c:/program files (x86)/atollic/truestudio for stm32 9.0.1/armtools/bin/../lib/gcc/arm-atollic-eabi/6.3.1/../../../../arm-atollic-eabi/lib/armv7e-m/fpu\libc_nano.a(lib_a-init.o)
                              startup\startup_stm32f303x8.o (__libc_init_array)
c:/program files (x86)/atollic/truestudio for stm32 9.0.1/armtools/bin/../lib/gcc/arm-atollic-eabi/6.3.1/../../../../arm-atollic-eabi/lib/armv7e-m/fpu\libc_nano.a(lib_a-memset.o)
                              Src\can.o (memset)
c:/program files (x86)/atollic/truestudio for stm32 9.0.1/armtools/bin/../lib/gcc/arm-atollic-eabi/6.3.1/../../../../arm-atollic-eabi/lib/armv7e-m/fpu\libc_nano.a(lib_a-printf.o)
                              Inc\CAN\CAN.o (printf)
c:/program files (x86)/atollic/truestudio for stm32 9.0.1/armtools/bin/../lib/gcc/arm-atollic-eabi/6.3.1/../../../../arm-atollic-eabi/lib/armv7e-m/fpu\libc_nano.a(lib_a-findfp.o)
                              c:/program files (x86)/atollic/truestudio for stm32 9.0.1/armtools/bin/../lib/gcc/arm-atollic-eabi/6.3.1/../../../../arm-atollic-eabi/lib/armv7e-m/fpu\libc_nano.a(lib_a-printf.o) (__sinit)
c:/program files (x86)/atollic/truestudio for stm32 9.0.1/armtools/bin/../lib/gcc/arm-atollic-eabi/6.3.1/../../../../arm-atollic-eabi/lib/armv7e-m/fpu\libc_nano.a(lib_a-fwalk.o)
                              c:/program files (x86)/atollic/truestudio for stm32 9.0.1/armtools/bin/../lib/gcc/arm-atollic-eabi/6.3.1/../../../../arm-atollic-eabi/lib/armv7e-m/fpu\libc_nano.a(lib_a-findfp.o) (_fwalk)
c:/program files (x86)/atollic/truestudio for stm32 9.0.1/armtools/bin/../lib/gcc/arm-atollic-eabi/6.3.1/../../../../arm-atollic-eabi/lib/armv7e-m/fpu\libc_nano.a(lib_a-nano-mallocr.o)
                              c:/program files (x86)/atollic/truestudio for stm32 9.0.1/armtools/bin/../lib/gcc/arm-atollic-eabi/6.3.1/../../../../arm-atollic-eabi/lib/armv7e-m/fpu\libc_nano.a(lib_a-findfp.o) (_malloc_r)
c:/program files (x86)/atollic/truestudio for stm32 9.0.1/armtools/bin/../lib/gcc/arm-atollic-eabi/6.3.1/../../../../arm-atollic-eabi/lib/armv7e-m/fpu\libc_nano.a(lib_a-nano-vfprintf.o)
                              c:/program files (x86)/atollic/truestudio for stm32 9.0.1/armtools/bin/../lib/gcc/arm-atollic-eabi/6.3.1/../../../../arm-atollic-eabi/lib/armv7e-m/fpu\libc_nano.a(lib_a-printf.o) (_vfprintf_r)
c:/program files (x86)/atollic/truestudio for stm32 9.0.1/armtools/bin/../lib/gcc/arm-atollic-eabi/6.3.1/../../../../arm-atollic-eabi/lib/armv7e-m/fpu\libc_nano.a(lib_a-nano-vfprintf_i.o)
                              c:/program files (x86)/atollic/truestudio for stm32 9.0.1/armtools/bin/../lib/gcc/arm-atollic-eabi/6.3.1/../../../../arm-atollic-eabi/lib/armv7e-m/fpu\libc_nano.a(lib_a-nano-vfprintf.o) (_printf_i)
c:/program files (x86)/atollic/truestudio for stm32 9.0.1/armtools/bin/../lib/gcc/arm-atollic-eabi/6.3.1/../../../../arm-atollic-eabi/lib/armv7e-m/fpu\libc_nano.a(lib_a-sbrkr.o)
                              c:/program files (x86)/atollic/truestudio for stm32 9.0.1/armtools/bin/../lib/gcc/arm-atollic-eabi/6.3.1/../../../../arm-atollic-eabi/lib/armv7e-m/fpu\libc_nano.a(lib_a-nano-mallocr.o) (_sbrk_r)
c:/program files (x86)/atollic/truestudio for stm32 9.0.1/armtools/bin/../lib/gcc/arm-atollic-eabi/6.3.1/../../../../arm-atollic-eabi/lib/armv7e-m/fpu\libc_nano.a(lib_a-stdio.o)
                              c:/program files (x86)/atollic/truestudio for stm32 9.0.1/armtools/bin/../lib/gcc/arm-atollic-eabi/6.3.1/../../../../arm-atollic-eabi/lib/armv7e-m/fpu\libc_nano.a(lib_a-findfp.o) (__sread)
c:/program files (x86)/atollic/truestudio for stm32 9.0.1/armtools/bin/../lib/gcc/arm-atollic-eabi/6.3.1/../../../../arm-atollic-eabi/lib/armv7e-m/fpu\libc_nano.a(lib_a-wbuf.o)
                              c:/program files (x86)/atollic/truestudio for stm32 9.0.1/armtools/bin/../lib/gcc/arm-atollic-eabi/6.3.1/../../../../arm-atollic-eabi/lib/armv7e-m/fpu\libc_nano.a(lib_a-nano-vfprintf.o) (__swbuf_r)
c:/program files (x86)/atollic/truestudio for stm32 9.0.1/armtools/bin/../lib/gcc/arm-atollic-eabi/6.3.1/../../../../arm-atollic-eabi/lib/armv7e-m/fpu\libc_nano.a(lib_a-writer.o)
[...]
Memory Configuration

Name             Origin             Length             Attributes
RAM              0x20000000         0x00003000         xrw
CCMRAM           0x10000000         0x00001000         rw
FLASH            0x08000000         0x00010000         xr
*default*        0x00000000         0xffffffff

Linker script and memory map

LOAD c:/program files (x86)/atollic/truestudio for stm32 9.0.1/armtools/bin/../lib/gcc/arm-atollic-eabi/6.3.1/armv7e-m/fpu/crti.o
LOAD c:/program files (x86)/atollic/truestudio for stm32 9.0.1/armtools/bin/../lib/gcc/arm-atollic-eabi/6.3.1/armv7e-m/fpu/crtbegin.o
LOAD Drivers\STM32F3xx_HAL_Driver\Src\stm32f3xx_hal.o
LOAD Drivers\STM32F3xx_HAL_Driver\Src\stm32f3xx_hal_can.o
LOAD Drivers\STM32F3xx_HAL_Driver\Src\stm32f3xx_hal_cortex.o
LOAD Drivers\STM32F3xx_HAL_Driver\Src\stm32f3xx_hal_dma.o
LOAD Drivers\STM32F3xx_HAL_Driver\Src\stm32f3xx_hal_flash.o
LOAD Drivers\STM32F3xx_HAL_Driver\Src\stm32f3xx_hal_flash_ex.o
LOAD Drivers\STM32F3xx_HAL_Driver\Src\stm32f3xx_hal_gpio.o
LOAD Drivers\STM32F3xx_HAL_Driver\Src\stm32f3xx_hal_i2c.o
LOAD Drivers\STM32F3xx_HAL_Driver\Src\stm32f3xx_hal_i2c_ex.o
LOAD Drivers\STM32F3xx_HAL_Driver\Src\stm32f3xx_hal_pwr.o
LOAD Drivers\STM32F3xx_HAL_Driver\Src\stm32f3xx_hal_pwr_ex.o
LOAD Drivers\STM32F3xx_HAL_Driver\Src\stm32f3xx_hal_rcc.o
LOAD Drivers\STM32F3xx_HAL_Driver\Src\stm32f3xx_hal_rcc_ex.o
LOAD Drivers\STM32F3xx_HAL_Driver\Src\stm32f3xx_hal_tim.o
LOAD Drivers\STM32F3xx_HAL_Driver\Src\stm32f3xx_hal_tim_ex.o
LOAD Drivers\STM32F3xx_HAL_Driver\Src\stm32f3xx_hal_uart.o
LOAD Drivers\STM32F3xx_HAL_Driver\Src\stm32f3xx_hal_uart_ex.o
LOAD Inc\Aircylinder\Aircylinder.o
LOAD Inc\Application\Application.o
LOAD Inc\CAN\CAN.o
LOAD Src\can.o
LOAD Src\gpio.o
LOAD Src\main.o
LOAD Src\printf.o
LOAD Src\stm32f3xx_hal_msp.o
LOAD Src\stm32f3xx_it.o
LOAD Src\syscalls.o
LOAD Src\system_stm32f3xx.o
LOAD Src\usart.o
LOAD startup\startup_stm32f303x8.o
                0x00001000                malloc_getpagesize_P = 0x1000
START GROUP
LOAD c:/program files (x86)/atollic/truestudio for stm32 9.0.1/armtools/bin/../lib/gcc/arm-atollic-eabi/6.3.1/../../../../arm-atollic-eabi/lib/armv7e-m/fpu\libstdc++_nano.a
LOAD c:/program files (x86)/atollic/truestudio for stm32 9.0.1/armtools/bin/../lib/gcc/arm-atollic-eabi/6.3.1/../../../../arm-atollic-eabi/lib/armv7e-m/fpu\libsupc++_nano.a
END GROUP
LOAD c:/program files (x86)/atollic/truestudio for stm32 9.0.1/armtools/bin/../lib/gcc/arm-atollic-eabi/6.3.1/../../../../arm-atollic-eabi/lib/armv7e-m/fpu\libstdc++_nano.a
LOAD c:/program files (x86)/atollic/truestudio for stm32 9.0.1/armtools/bin/../lib/gcc/arm-atollic-eabi/6.3.1/../../../../arm-atollic-eabi/lib/armv7e-m/fpu\libm.a
LOAD c:/program files (x86)/atollic/truestudio for stm32 9.0.1/armtools/bin/../lib/gcc/arm-atollic-eabi/6.3.1/../../../../arm-atollic-eabi/lib/armv7e-m/fpu\libc_nano.a
START GROUP
LOAD c:/program files (x86)/atollic/truestudio for stm32 9.0.1/armtools/bin/../lib/gcc/arm-atollic-eabi/6.3.1/armv7e-m/fpu\libgcc.a
LOAD c:/program files (x86)/atollic/truestudio for stm32 9.0.1/armtools/bin/../lib/gcc/arm-atollic-eabi/6.3.1/../../../../arm-atollic-eabi/lib/armv7e-m/fpu\libc_nano.a
END GROUP
START GROUP
LOAD c:/program files (x86)/atollic/truestudio for stm32 9.0.1/armtools/bin/../lib/gcc/arm-atollic-eabi/6.3.1/armv7e-m/fpu\libgcc.a
LOAD c:/program files (x86)/atollic/truestudio for stm32 9.0.1/armtools/bin/../lib/gcc/arm-atollic-eabi/6.3.1/../../../../arm-atollic-eabi/lib/armv7e-m/fpu\libc_nano.a
LOAD c:/program files (x86)/atollic/truestudio for stm32 9.0.1/armtools/bin/../lib/gcc/arm-atollic-eabi/6.3.1/../../../../arm-atollic-eabi/lib/armv7e-m/fpu\libnosys.a
END GROUP
START GROUP
LOAD c:/program files (x86)/atollic/truestudio for stm32 9.0.1/armtools/bin/../lib/gcc/arm-atollic-eabi/6.3.1/armv7e-m/fpu\libgcc.a
LOAD c:/program files (x86)/atollic/truestudio for stm32 9.0.1/armtools/bin/../lib/gcc/arm-atollic-eabi/6.3.1/../../../../arm-atollic-eabi/lib/armv7e-m/fpu\libc_nano.a
LOAD c:/program files (x86)/atollic/truestudio for stm32 9.0.1/armtools/bin/../lib/gcc/arm-atollic-eabi/6.3.1/../../../../arm-atollic-eabi/lib/armv7e-m/fpu\libnosys.a
END GROUP
LOAD c:/program files (x86)/atollic/truestudio for stm32 9.0.1/armtools/bin/../lib/gcc/arm-atollic-eabi/6.3.1/armv7e-m/fpu/crtend.o
LOAD c:/program files (x86)/atollic/truestudio for stm32 9.0.1/armtools/bin/../lib/gcc/arm-atollic-eabi/6.3.1/armv7e-m/fpu/crtn.o
                0x20003000                _estack = 0x20003000
                0x00000200                _Min_Heap_Size = 0x200
                0x00000400                _Min_Stack_Size = 0x400

.isr_vector     0x08000000      0x188
                0x08000000                . = ALIGN (0x4)
 *(.isr_vector)
 .isr_vector    0x08000000      0x188 startup\startup_stm32f303x8.o
                0x08000000                g_pfnVectors
                0x08000188                . = ALIGN (0x4)

.text           0x08000188     0x2908
                0x08000188                . = ALIGN (0x4)
 *(.text)
 .text          0x08000188       0x40 c:/program files (x86)/atollic/truestudio for stm32 9.0.1/armtools/bin/../lib/gcc/arm-atollic-eabi/6.3.1/armv7e-m/fpu/crtbegin.o
 .text          0x080001c8      0x9cc c:/program files (x86)/atollic/truestudio for stm32 9.0.1/armtools/bin/../lib/gcc/arm-atollic-eabi/6.3.1/armv7e-m/fpu\libgcc.a(unwind-arm.o)
                0x08000488                _Unwind_GetCFA
                0x0800048c                __gnu_Unwind_RaiseException
                0x080004ec                __gnu_Unwind_ForcedUnwind
                0x08000500                __gnu_Unwind_Resume
                0x08000544                __gnu_Unwind_Resume_or_Rethrow
                0x08000554                _Unwind_Complete
                0x08000558                _Unwind_DeleteException
                0x08000564                _Unwind_VRS_Get
                0x080005b0                _Unwind_VRS_Set
                0x08000600                __gnu_Unwind_Backtrace
                0x08000940                __aeabi_unwind_cpp_pr0
                0x08000944                __aeabi_unwind_cpp_pr1
                0x08000948                __aeabi_unwind_cpp_pr2
                0x0800094c                _Unwind_VRS_Pop
 .text          0x08000b94      0x1ac c:/program files (x86)/atollic/truestudio for stm32 9.0.1/armtools/bin/../lib/gcc/arm-atollic-eabi/6.3.1/armv7e-m/fpu\libgcc.a(libunwind.o)
                0x08000b94                __restore_core_regs
                0x08000b94                restore_core_regs
                0x08000bac                __gnu_Unwind_Restore_VFP
                0x08000bb4                __gnu_Unwind_Save_VFP
                0x08000bbc                __gnu_Unwind_Restore_VFP_D
                0x08000bc4                __gnu_Unwind_Save_VFP_D
                0x08000bcc                __gnu_Unwind_Restore_VFP_D_16_to_31
                0x08000bd4                __gnu_Unwind_Save_VFP_D_16_to_31
                0x08000bdc                __gnu_Unwind_Restore_WMMXD
                0x08000c20                __gnu_Unwind_Save_WMMXD
                0x08000c64                __gnu_Unwind_Restore_WMMXC
                0x08000c78                __gnu_Unwind_Save_WMMXC
                0x08000c8c                ___Unwind_RaiseException
                0x08000c8c                _Unwind_RaiseException
                0x08000cb0                _Unwind_Resume
                0x08000cb0                ___Unwind_Resume
                0x08000cd4                _Unwind_Resume_or_Rethrow
                0x08000cd4                ___Unwind_Resume_or_Rethrow
                0x08000cf8                _Unwind_ForcedUnwind
                0x08000cf8                ___Unwind_ForcedUnwind
                0x08000d1c                ___Unwind_Backtrace
                0x08000d1c                _Unwind_Backtrace
 .text          0x08000d40      0x380 c:/program files (x86)/atollic/truestudio for stm32 9.0.1/armtools/bin/../lib/gcc/arm-atollic-eabi/6.3.1/armv7e-m/fpu\libgcc.a(pr-support.o)
                0x08000d98                __gnu_unwind_execute
                0x08001068                __gnu_unwind_frame
                0x08001090                _Unwind_GetRegionStart
                0x0800109c                _Unwind_GetLanguageSpecificData
                0x080010b0                _Unwind_GetTextRelBase
                0x080010b8                _Unwind_GetDataRelBase
 *(.text*)
 .text.HAL_InitTick
                0x080010c0       0x48 Drivers\STM32F3xx_HAL_Driver\Src\stm32f3xx_hal.o
                0x080010c0                HAL_InitTick
 .text.HAL_Init
                0x08001108       0x24 Drivers\STM32F3xx_HAL_Driver\Src\stm32f3xx_hal.o
                0x08001108                HAL_Init
 .text.HAL_IncTick
                0x0800112c       0x18 Drivers\STM32F3xx_HAL_Driver\Src\stm32f3xx_hal.o
                0x0800112c                HAL_IncTick
 .text.HAL_GetTick
                0x08001144        0xc Drivers\STM32F3xx_HAL_Driver\Src\stm32f3xx_hal.o
                0x08001144                HAL_GetTick
 .text.HAL_CAN_Init
                0x08001150       0xf6 Drivers\STM32F3xx_HAL_Driver\Src\stm32f3xx_hal_can.o
                0x08001150                HAL_CAN_Init
 .text.HAL_CAN_GetRxMessage
                0x08001246       0xec Drivers\STM32F3xx_HAL_Driver\Src\stm32f3xx_hal_can.o
                0x08001246                HAL_CAN_GetRxMessage
 .text.HAL_CAN_TxMailbox0CompleteCallback
                0x08001332        0x2 Drivers\STM32F3xx_HAL_Driver\Src\stm32f3xx_hal_can.o
                0x08001332                HAL_CAN_TxMailbox0CompleteCallback
 .text.HAL_CAN_TxMailbox1CompleteCallback
                0x08001334        0x2 Drivers\STM32F3xx_HAL_Driver\Src\stm32f3xx_hal_can.o
                0x08001334                HAL_CAN_TxMailbox1CompleteCallback
 .text.HAL_CAN_TxMailbox2CompleteCallback
                0x08001336        0x2 Drivers\STM32F3xx_HAL_Driver\Src\stm32f3xx_hal_can.o
                0x08001336                HAL_CAN_TxMailbox2CompleteCallback
 .text.HAL_CAN_TxMailbox0AbortCallback
                0x08001338        0x2 Drivers\STM32F3xx_HAL_Driver\Src\stm32f3xx_hal_can.o
                0x08001338                HAL_CAN_TxMailbox0AbortCallback
 .text.HAL_CAN_TxMailbox1AbortCallback
                0x0800133a        0x2 Drivers\STM32F3xx_HAL_Driver\Src\stm32f3xx_hal_can.o
                0x0800133a                HAL_CAN_TxMailbox1AbortCallback
 .text.HAL_CAN_TxMailbox2AbortCallback
                0x0800133c        0x2 Drivers\STM32F3xx_HAL_Driver\Src\stm32f3xx_hal_can.o
                0x0800133c                HAL_CAN_TxMailbox2AbortCallback
 .text.HAL_CAN_RxFifo0FullCallback
                0x0800133e        0x2 Drivers\STM32F3xx_HAL_Driver\Src\stm32f3xx_hal_can.o
                0x0800133e                HAL_CAN_RxFifo0FullCallback
 .text.HAL_CAN_RxFifo1MsgPendingCallback
                0x08001340        0x2 Drivers\STM32F3xx_HAL_Driver\Src\stm32f3xx_hal_can.o
                0x08001340                HAL_CAN_RxFifo1MsgPendingCallback
 .text.HAL_CAN_RxFifo1FullCallback
                0x08001342        0x2 Drivers\STM32F3xx_HAL_Driver\Src\stm32f3xx_hal_can.o
                0x08001342                HAL_CAN_RxFifo1FullCallback
 .text.HAL_CAN_SleepCallback
                0x08001344        0x2 Drivers\STM32F3xx_HAL_Driver\Src\stm32f3xx_hal_can.o
                0x08001344                HAL_CAN_SleepCallback
 .text.HAL_CAN_WakeUpFromRxMsgCallback
                0x08001346        0x2 Drivers\STM32F3xx_HAL_Driver\Src\stm32f3xx_hal_can.o
                0x08001346                HAL_CAN_WakeUpFromRxMsgCallback
 .text.HAL_CAN_ErrorCallback
                0x08001348        0x2 Drivers\STM32F3xx_HAL_Driver\Src\stm32f3xx_hal_can.o
                0x08001348                HAL_CAN_ErrorCallback
 .text.HAL_CAN_IRQHandler
                0x0800134a      0x1fc Drivers\STM32F3xx_HAL_Driver\Src\stm32f3xx_hal_can.o
                0x0800134a                HAL_CAN_IRQHandler
 *fill*         0x08001546        0x2 
 .text.HAL_NVIC_SetPriorityGrouping
                0x08001548       0x24 Drivers\STM32F3xx_HAL_Driver\Src\stm32f3xx_hal_cortex.o
                0x08001548                HAL_NVIC_SetPriorityGrouping
 .text.HAL_NVIC_SetPriority
                0x0800156c       0x68 Drivers\STM32F3xx_HAL_Driver\Src\stm32f3xx_hal_cortex.o
                0x0800156c                HAL_NVIC_SetPriority
 .text.HAL_NVIC_EnableIRQ
                0x080015d4       0x18 Drivers\STM32F3xx_HAL_Driver\Src\stm32f3xx_hal_cortex.o
                0x080015d4                HAL_NVIC_EnableIRQ
 .text.HAL_SYSTICK_Config
                0x080015ec       0x2c Drivers\STM32F3xx_HAL_Driver\Src\stm32f3xx_hal_cortex.o
                0x080015ec                HAL_SYSTICK_Config
 .text.HAL_GPIO_Init
                0x08001618      0x174 Drivers\STM32F3xx_HAL_Driver\Src\stm32f3xx_hal_gpio.o
                0x08001618                HAL_GPIO_Init
 .text.HAL_GPIO_WritePin
                0x0800178c        0xa Drivers\STM32F3xx_HAL_Driver\Src\stm32f3xx_hal_gpio.o
                0x0800178c                HAL_GPIO_WritePin
 .text.HAL_GPIO_TogglePin
                0x08001796        0x8 Drivers\STM32F3xx_HAL_Driver\Src\stm32f3xx_hal_gpio.o
                0x08001796                HAL_GPIO_TogglePin
 *fill*         0x0800179e        0x2 
 .text.HAL_RCC_OscConfig
                0x080017a0      0x4ec Drivers\STM32F3xx_HAL_Driver\Src\stm32f3xx_hal_rcc.o
                0x080017a0                HAL_RCC_OscConfig
 .text.HAL_RCC_GetSysClockFreq
                0x08001c8c       0x64 Drivers\STM32F3xx_HAL_Driver\Src\stm32f3xx_hal_rcc.o
                0x08001c8c                HAL_RCC_GetSysClockFreq
 .text.HAL_RCC_ClockConfig
                0x08001cf0      0x154 Drivers\STM32F3xx_HAL_Driver\Src\stm32f3xx_hal_rcc.o
                0x08001cf0                HAL_RCC_ClockConfig
 .text.HAL_RCC_GetPCLK1Freq
                0x08001e44       0x30 Drivers\STM32F3xx_HAL_Driver\Src\stm32f3xx_hal_rcc.o
                0x08001e44                HAL_RCC_GetPCLK1Freq
 .text.HAL_RCC_GetPCLK2Freq
                0x08001e74       0x30 Drivers\STM32F3xx_HAL_Driver\Src\stm32f3xx_hal_rcc.o
                0x08001e74                HAL_RCC_GetPCLK2Freq
 .text.UART_SetConfig
                0x08001ea4      0x14c Drivers\STM32F3xx_HAL_Driver\Src\stm32f3xx_hal_uart.o
                0x08001ea4                UART_SetConfig
 .text.UART_AdvFeatureConfig
                0x08001ff0       0xa8 Drivers\STM32F3xx_HAL_Driver\Src\stm32f3xx_hal_uart.o
                0x08001ff0                UART_AdvFeatureConfig
 .text.UART_WaitOnFlagUntilTimeout
                0x08002098       0x62 Drivers\STM32F3xx_HAL_Driver\Src\stm32f3xx_hal_uart.o
                0x08002098                UART_WaitOnFlagUntilTimeout
 .text.UART_CheckIdleState
                0x080020fa       0x64 Drivers\STM32F3xx_HAL_Driver\Src\stm32f3xx_hal_uart.o
                0x080020fa                UART_CheckIdleState
 .text.HAL_UART_Init
                0x0800215e       0x64 Drivers\STM32F3xx_HAL_Driver\Src\stm32f3xx_hal_uart.o
                0x0800215e                HAL_UART_Init
 .text._ZN11Aircylinder4OpenEv
                0x080021c2       0x20 Inc\Aircylinder\Aircylinder.o
                0x080021c2                Aircylinder::Open()
 .text._ZN11Aircylinder5CloseEv
                0x080021e2       0x20 Inc\Aircylinder\Aircylinder.o
                0x080021e2                Aircylinder::Close()
 *fill*         0x08002202        0x2 
 .text._ZN3App4OpenEv
                0x08002204       0xb0 Inc\Application\Application.o
                0x08002204                App::Open()
 .text._ZN3App5CloseEv
                0x080022b4       0xb0 Inc\Application\Application.o
                0x080022b4                App::Close()
 .text._ZN3App9TaskShiftEv
                0x08002364       0x58 Inc\Application\Application.o
                0x08002364                App::TaskShift()
 .text.HAL_CAN_RxFifo0MsgPendingCallback
                0x080023bc       0x3c Inc\CAN\CAN.o
                0x080023bc                HAL_CAN_RxFifo0MsgPendingCallback
 .text.MX_CAN_Init
                0x080023f8       0x44 Src\can.o
                0x080023f8                MX_CAN_Init
 .text.HAL_CAN_MspInit
                0x0800243c       0x84 Src\can.o
                0x0800243c                HAL_CAN_MspInit
 .text.MX_GPIO_Init
                0x080024c0       0xac Src\gpio.o
                0x080024c0                MX_GPIO_Init
 .text._ZN6CanBusC2Emm
                0x0800256c       0x4e Src\main.o
                0x0800256c                CanBus::CanBus(unsigned long, unsigned long)
                0x0800256c                CanBus::CanBus(unsigned long, unsigned long)
 .text._ZN11AircylinderC2EP12GPIO_TypeDeft
                0x080025ba       0x30 Src\main.o
                0x080025ba                Aircylinder::Aircylinder(GPIO_TypeDef*, unsigned short)
                0x080025ba                Aircylinder::Aircylinder(GPIO_TypeDef*, unsigned short)
 *fill*         0x080025ea        0x2 
 .text._ZN21LowlayerHandelTypedefC2Ev
                0x080025ec       0xa0 Src\main.o
                0x080025ec                LowlayerHandelTypedef::LowlayerHandelTypedef()
                0x080025ec                LowlayerHandelTypedef::LowlayerHandelTypedef()
 .text._ZN3AppC2EP21LowlayerHandelTypedef
                0x0800268c       0x24 Src\main.o
                0x0800268c                App::App(LowlayerHandelTypedef*)
                0x0800268c                App::App(LowlayerHandelTypedef*)
 .text.main     0x080026b0       0x3c Src\main.o
                0x080026b0                main
 .text._Z18SystemClock_Configv
                0x080026ec       0x9e Src\main.o
                0x080026ec                SystemClock_Config()
 .text.Error_Handler
                0x0800278a        0xe Src\main.o
                0x0800278a                Error_Handler
 .text.HAL_MspInit
                0x08002798       0x30 Src\stm32f3xx_hal_msp.o
                0x08002798                HAL_MspInit
 .text.NMI_Handler
                0x080027c8        0x2 Src\stm32f3xx_it.o
                0x080027c8                NMI_Handler
 .text.HardFault_Handler
                0x080027ca        0x2 Src\stm32f3xx_it.o
                0x080027ca                HardFault_Handler
 .text.MemManage_Handler
                0x080027cc        0x2 Src\stm32f3xx_it.o
                0x080027cc                MemManage_Handler
 .text.BusFault_Handler
                0x080027ce        0x2 Src\stm32f3xx_it.o
                0x080027ce                BusFault_Handler
 .text.UsageFault_Handler
                0x080027d0        0x2 Src\stm32f3xx_it.o
                0x080027d0                UsageFault_Handler
 .text.SVC_Handler
                0x080027d2        0x2 Src\stm32f3xx_it.o
                0x080027d2                SVC_Handler
 .text.DebugMon_Handler
                0x080027d4        0x2 Src\stm32f3xx_it.o
                0x080027d4                DebugMon_Handler
 .text.PendSV_Handler
                0x080027d6        0x2 Src\stm32f3xx_it.o
                0x080027d6                PendSV_Handler
 .text.SysTick_Handler
                0x080027d8        0x4 Src\stm32f3xx_it.o
                0x080027d8                SysTick_Handler
 .text.CAN_RX1_IRQHandler
                0x080027dc        0xc Src\stm32f3xx_it.o
                0x080027dc                CAN_RX1_IRQHandler
 .text.CAN_RX0_IRQHandler
                0x080027e8        0x4 Src\stm32f3xx_it.o
                0x080027e8                CAN_RX0_IRQHandler
 .text._getpid  0x080027ec        0x4 Src\syscalls.o
                0x080027ec                _getpid
 .text._kill    0x080027f0       0x10 Src\syscalls.o
                0x080027f0                _kill
 .text._exit    0x08002800        0xc Src\syscalls.o
                0x08002800                _exit
 .text.SystemInit
                0x0800280c       0x68 Src\system_stm32f3xx.o
                0x0800280c                SystemInit
 .text.MX_USART2_UART_Init
                0x08002874       0x3c Src\usart.o
                0x08002874                MX_USART2_UART_Init
 .text.HAL_UART_MspInit
                0x080028b0       0x64 Src\usart.o
                0x080028b0                HAL_UART_MspInit
 .text.Reset_Handler
                0x08002914       0x50 startup\startup_stm32f303x8.o
                0x08002914                Reset_Handler
 .text.Default_Handler
                0x08002964        0x2 startup\startup_stm32f303x8.o
                0x08002964                RTC_Alarm_IRQHandler
                0x08002964                TIM1_CC_IRQHandler
                0x08002964                PVD_IRQHandler
                0x08002964                TAMP_STAMP_IRQHandler
                0x08002964                EXTI3_IRQHandler
                0x08002964                EXTI0_IRQHandler
                0x08002964                FPU_IRQHandler
                0x08002964                CAN_TX_IRQHandler
                0x08002964                TIM1_UP_TIM16_IRQHandler
                0x08002964                ADC1_2_IRQHandler
                0x08002964                SPI1_IRQHandler
                0x08002964                CAN_SCE_IRQHandler
                0x08002964                DMA1_Channel4_IRQHandler
                0x08002964                USART3_IRQHandler
                0x08002964                DMA1_Channel7_IRQHandler
                0x08002964                TIM7_DAC2_IRQHandler
                0x08002964                I2C1_EV_IRQHandler
                0x08002964                DMA1_Channel6_IRQHandler
                0x08002964                TIM3_IRQHandler
                0x08002964                RCC_IRQHandler
                0x08002964                DMA1_Channel1_IRQHandler
                0x08002964                Default_Handler
                0x08002964                EXTI15_10_IRQHandler
                0x08002964                COMP2_IRQHandler
                0x08002964                TIM6_DAC1_IRQHandler
                0x08002964                EXTI9_5_IRQHandler
                0x08002964                RTC_WKUP_IRQHandler
                0x08002964                DMA1_Channel5_IRQHandler
                0x08002964                EXTI4_IRQHandler
                0x08002964                TIM1_TRG_COM_TIM17_IRQHandler
                0x08002964                DMA1_Channel3_IRQHandler
                0x08002964                WWDG_IRQHandler
                0x08002964                TIM2_IRQHandler
                0x08002964                EXTI1_IRQHandler
                0x08002964                COMP4_6_IRQHandler
                0x08002964                USART2_IRQHandler
                0x08002964                DMA1_Channel2_IRQHandler
                0x08002964                FLASH_IRQHandler
                0x08002964                USART1_IRQHandler
                0x08002964                I2C1_ER_IRQHandler
                0x08002964                EXTI2_TSC_IRQHandler
                0x08002964                TIM1_BRK_TIM15_IRQHandler
 *fill*         0x08002966        0x2 
 .text.__errno  0x08002968        0xc c:/program files (x86)/atollic/truestudio for stm32 9.0.1/armtools/bin/../lib/gcc/arm-atollic-eabi/6.3.1/../../../../arm-atollic-eabi/lib/armv7e-m/fpu\libc_nano.a(lib_a-errno.o)
                0x08002968                __errno
 .text.__libc_init_array
                0x08002974       0x48 c:/program files (x86)/atollic/truestudio for stm32 9.0.1/armtools/bin/../lib/gcc/arm-atollic-eabi/6.3.1/../../../../arm-atollic-eabi/lib/armv7e-m/fpu\libc_nano.a(lib_a-init.o)
                0x08002974                __libc_init_array
 .text.memset   0x080029bc       0x10 c:/program files (x86)/atollic/truestudio for stm32 9.0.1/armtools/bin/../lib/gcc/arm-atollic-eabi/6.3.1/../../../../arm-atollic-eabi/lib/armv7e-m/fpu\libc_nano.a(lib_a-memset.o)
                0x080029bc                memset
 .text.memcpy   0x080029cc       0x16 c:/program files (x86)/atollic/truestudio for stm32 9.0.1/armtools/bin/../lib/gcc/arm-atollic-eabi/6.3.1/../../../../arm-atollic-eabi/lib/armv7e-m/fpu\libc_nano.a(lib_a-memcpy-stub.o)
                0x080029cc                memcpy
 .text.abort    0x080029e2        0xe c:/program files (x86)/atollic/truestudio for stm32 9.0.1/armtools/bin/../lib/gcc/arm-atollic-eabi/6.3.1/../../../../arm-atollic-eabi/lib/armv7e-m/fpu\libc_nano.a(lib_a-abort.o)
                0x080029e2                abort
 .text._raise_r
                0x080029f0       0x50 c:/program files (x86)/atollic/truestudio for stm32 9.0.1/armtools/bin/../lib/gcc/arm-atollic-eabi/6.3.1/../../../../arm-atollic-eabi/lib/armv7e-m/fpu\libc_nano.a(lib_a-signal.o)
                0x080029f0                _raise_r
 .text.raise    0x08002a40       0x10 c:/program files (x86)/atollic/truestudio for stm32 9.0.1/armtools/bin/../lib/gcc/arm-atollic-eabi/6.3.1/../../../../arm-atollic-eabi/lib/armv7e-m/fpu\libc_nano.a(lib_a-signal.o)
                0x08002a40                raise
 .text._kill_r  0x08002a50       0x24 c:/program files (x86)/atollic/truestudio for stm32 9.0.1/armtools/bin/../lib/gcc/arm-atollic-eabi/6.3.1/../../../../arm-atollic-eabi/lib/armv7e-m/fpu\libc_nano.a(lib_a-signalr.o)
                0x08002a50                _kill_r
 .text._getpid_r
                0x08002a74        0x4 c:/program files (x86)/atollic/truestudio for stm32 9.0.1/armtools/bin/../lib/gcc/arm-atollic-eabi/6.3.1/../../../../arm-atollic-eabi/lib/armv7e-m/fpu\libc_nano.a(lib_a-signalr.o)
                0x08002a74                _getpid_r
 *(.glue_7)
 .glue_7        0x08002a78        0x0 linker stubs
 *(.glue_7t)
 .glue_7t       0x08002a78        0x0 linker stubs
 *(.eh_frame)
 .eh_frame      0x08002a78        0x0 c:/program files (x86)/atollic/truestudio for stm32 9.0.1/armtools/bin/../lib/gcc/arm-atollic-eabi/6.3.1/armv7e-m/fpu/crtbegin.o
 *(.init)
 .init          0x08002a78        0x4 c:/program files (x86)/atollic/truestudio for stm32 9.0.1/armtools/bin/../lib/gcc/arm-atollic-eabi/6.3.1/armv7e-m/fpu/crti.o
                0x08002a78                _init
 .init          0x08002a7c        0x8 c:/program files (x86)/atollic/truestudio for stm32 9.0.1/armtools/bin/../lib/gcc/arm-atollic-eabi/6.3.1/armv7e-m/fpu/crtn.o
 *(.fini)
 .fini          0x08002a84        0x4 c:/program files (x86)/atollic/truestudio for stm32 9.0.1/armtools/bin/../lib/gcc/arm-atollic-eabi/6.3.1/armv7e-m/fpu/crti.o
                0x08002a84                _fini
 .fini          0x08002a88        0x8 c:/program files (x86)/atollic/truestudio for stm32 9.0.1/armtools/bin/../lib/gcc/arm-atollic-eabi/6.3.1/armv7e-m/fpu/crtn.o
                0x08002a90                . = ALIGN (0x4)
                0x08002a90                _etext = .

.vfp11_veneer   0x08002a90        0x0
 .vfp11_veneer  0x08002a90        0x0 linker stubs

.v4_bx          0x08002a90        0x0
 .v4_bx         0x08002a90        0x0 linker stubs

.iplt           0x08002a90        0x0
 .iplt          0x08002a90        0x0 c:/program files (x86)/atollic/truestudio for stm32 9.0.1/armtools/bin/../lib/gcc/arm-atollic-eabi/6.3.1/armv7e-m/fpu/crtbegin.o

.rodata         0x08002a90       0x9c
                0x08002a90                . = ALIGN (0x4)
 *(.rodata)
 *(.rodata*)
 .rodata.aPLLMULFactorTable
                0x08002a90       0x10 Drivers\STM32F3xx_HAL_Driver\Src\stm32f3xx_hal_rcc.o
                0x08002a90                aPLLMULFactorTable
 .rodata.aPredivFactorTable
                0x08002aa0       0x10 Drivers\STM32F3xx_HAL_Driver\Src\stm32f3xx_hal_rcc.o
                0x08002aa0                aPredivFactorTable
 .rodata.CSWTCH.45
                0x08002ab0        0x4 Drivers\STM32F3xx_HAL_Driver\Src\stm32f3xx_hal_uart.o
 .rodata.AHBPrescTable
                0x08002ab4       0x10 Src\system_stm32f3xx.o
                0x08002ab4                AHBPrescTable
 .rodata.APBPrescTable
                0x08002ac4        0x8 Src\system_stm32f3xx.o
                0x08002ac4                APBPrescTable
 .rodata.__sf_fake_stderr
                0x08002acc       0x20 c:/program files (x86)/atollic/truestudio for stm32 9.0.1/armtools/bin/../lib/gcc/arm-atollic-eabi/6.3.1/../../../../arm-atollic-eabi/lib/armv7e-m/fpu\libc_nano.a(lib_a-findfp.o)
                0x08002acc                __sf_fake_stderr
 .rodata.__sf_fake_stdin
                0x08002aec       0x20 c:/program files (x86)/atollic/truestudio for stm32 9.0.1/armtools/bin/../lib/gcc/arm-atollic-eabi/6.3.1/../../../../arm-atollic-eabi/lib/armv7e-m/fpu\libc_nano.a(lib_a-findfp.o)
                0x08002aec                __sf_fake_stdin
 .rodata.__sf_fake_stdout
                0x08002b0c       0x20 c:/program files (x86)/atollic/truestudio for stm32 9.0.1/armtools/bin/../lib/gcc/arm-atollic-eabi/6.3.1/../../../../arm-atollic-eabi/lib/armv7e-m/fpu\libc_nano.a(lib_a-findfp.o)
                0x08002b0c                __sf_fake_stdout
                0x08002b2c                . = ALIGN (0x4)

.ARM.extab      0x08002b2c       0x90
 *(.ARM.extab* .gnu.linkonce.armextab.*)
 .ARM.extab.text._ZN11Aircylinder4OpenEv
                0x08002b2c        0xc Inc\Aircylinder\Aircylinder.o
 .ARM.extab.text._ZN11Aircylinder5CloseEv
                0x08002b38        0xc Inc\Aircylinder\Aircylinder.o
 .ARM.extab.text._ZN3App4OpenEv
                0x08002b44        0xc Inc\Application\Application.o
 .ARM.extab.text._ZN3App5CloseEv
                0x08002b50        0xc Inc\Application\Application.o
 .ARM.extab.text._ZN3App9TaskShiftEv
                0x08002b5c        0xc Inc\Application\Application.o
 .ARM.extab.text.HAL_CAN_RxFifo0MsgPendingCallback
                0x08002b68        0xc Inc\CAN\CAN.o
 .ARM.extab.text._ZN6CanBusC2Emm
                0x08002b74        0x0 Src\main.o
 .ARM.extab.text._ZN11AircylinderC2EP12GPIO_TypeDeft
                0x08002b74        0xc Src\main.o
 .ARM.extab.text._ZN21LowlayerHandelTypedefC2Ev
                0x08002b80        0xc Src\main.o
 .ARM.extab.text._ZN3AppC2EP21LowlayerHandelTypedef
                0x08002b8c        0x0 Src\main.o
 .ARM.extab.text.main
                0x08002b8c        0xc Src\main.o
 .ARM.extab.text._Z18SystemClock_Configv
                0x08002b98        0xc Src\main.o
 .ARM.extab     0x08002ba4       0x18 c:/program files (x86)/atollic/truestudio for stm32 9.0.1/armtools/bin/../lib/gcc/arm-atollic-eabi/6.3.1/armv7e-m/fpu\libgcc.a(pr-support.o)

.ARM            0x08002bbc      0x120
                0x08002bbc                __exidx_start = .
 *(.ARM.exidx*)
 .ARM.exidx.text._ZN11Aircylinder4OpenEv
                0x08002c74        0x8 Inc\Aircylinder\Aircylinder.o
 .ARM.exidx.text._ZN11Aircylinder5CloseEv
                0x08002c7c        0x8 Inc\Aircylinder\Aircylinder.o
 .ARM.exidx.text._ZN3App4OpenEv
                0x08002c84        0x8 Inc\Application\Application.o
 .ARM.exidx.text._ZN3App5CloseEv
                0x08002c8c        0x8 Inc\Application\Application.o
 .ARM.exidx.text._ZN3App9TaskShiftEv
                0x08002c94        0x8 Inc\Application\Application.o
 .ARM.exidx.text.HAL_CAN_RxFifo0MsgPendingCallback
                0x08002c9c       0x10 Inc\CAN\CAN.o
                                  0x8 (size before relaxing)
 .ARM.exidx.text._ZN6CanBusC2Emm
                0x08002cac        0x0 Src\main.o
                                  0x8 (size before relaxing)
 .ARM.exidx.text._ZN11AircylinderC2EP12GPIO_TypeDeft
                0x08002cac        0x8 Src\main.o
 .ARM.exidx.text._ZN21LowlayerHandelTypedefC2Ev
                0x08002cb4        0x8 Src\main.o
 .ARM.exidx.text._ZN3AppC2EP21LowlayerHandelTypedef
                0x08002cbc        0x8 Src\main.o
 .ARM.exidx.text.main
                0x08002cc4        0x8 Src\main.o
 .ARM.exidx.text._Z18SystemClock_Configv
                0x08002ccc        0x8 Src\main.o
 .ARM.exidx.text.Error_Handler
                0x08002cd4        0x8 Src\main.o
 .ARM.exidx     0x08002bbc       0x80 c:/program files (x86)/atollic/truestudio for stm32 9.0.1/armtools/bin/../lib/gcc/arm-atollic-eabi/6.3.1/armv7e-m/fpu\libgcc.a(unwind-arm.o)
                                 0xd8 (size before relaxing)
 .ARM.exidx     0x08002c3c       0x38 c:/program files (x86)/atollic/truestudio for stm32 9.0.1/armtools/bin/../lib/gcc/arm-atollic-eabi/6.3.1/armv7e-m/fpu\libgcc.a(pr-support.o)
                                 0x48 (size before relaxing)
                0x08002cdc                __exidx_end = .

.rel.dyn        0x08002cdc        0x0
 .rel.iplt      0x08002cdc        0x0 c:/program files (x86)/atollic/truestudio for stm32 9.0.1/armtools/bin/../lib/gcc/arm-atollic-eabi/6.3.1/armv7e-m/fpu/crtbegin.o

.preinit_array  0x08002cdc        0x0
                0x08002cdc                PROVIDE (__preinit_array_start, .)
 *(.preinit_array*)
                0x08002cdc                PROVIDE (__preinit_array_end, .)

.init_array     0x08002cdc        0x4
                0x08002cdc                PROVIDE (__init_array_start, .)
 *(SORT(.init_array.*))
 *(.init_array*)
 .init_array    0x08002cdc        0x4 c:/program files (x86)/atollic/truestudio for stm32 9.0.1/armtools/bin/../lib/gcc/arm-atollic-eabi/6.3.1/armv7e-m/fpu/crtbegin.o
                0x08002ce0                PROVIDE (__init_array_end, .)

.fini_array     0x08002ce0        0x4
                [!provide]                PROVIDE (__fini_array_start, .)
 *(SORT(.fini_array.*))
 *(.fini_array*)
 .fini_array    0x08002ce0        0x4 c:/program files (x86)/atollic/truestudio for stm32 9.0.1/armtools/bin/../lib/gcc/arm-atollic-eabi/6.3.1/armv7e-m/fpu/crtbegin.o
                [!provide]                PROVIDE (__fini_array_end, .)
                0x08002ce4                _sidata = LOADADDR (.data)

.data           0x20000000       0x70 load address 0x08002ce4
                0x20000000                . = ALIGN (0x4)
                0x20000000                _sdata = .
 *(.data)
 *(.data*)
 .data.uwTickFreq
                0x20000000        0x1 Drivers\STM32F3xx_HAL_Driver\Src\stm32f3xx_hal.o
                0x20000000                uwTickFreq
 *fill*         0x20000001        0x3 
 .data.uwTickPrio
                0x20000004        0x4 Drivers\STM32F3xx_HAL_Driver\Src\stm32f3xx_hal.o
                0x20000004                uwTickPrio
 .data.SystemCoreClock
                0x20000008        0x4 Src\system_stm32f3xx.o
                0x20000008                SystemCoreClock
 .data._impure_ptr
                0x2000000c        0x4 c:/program files (x86)/atollic/truestudio for stm32 9.0.1/armtools/bin/../lib/gcc/arm-atollic-eabi/6.3.1/../../../../arm-atollic-eabi/lib/armv7e-m/fpu\libc_nano.a(lib_a-impure.o)
                0x2000000c                _impure_ptr
 .data.impure_data
                0x20000010       0x60 c:/program files (x86)/atollic/truestudio for stm32 9.0.1/armtools/bin/../lib/gcc/arm-atollic-eabi/6.3.1/../../../../arm-atollic-eabi/lib/armv7e-m/fpu\libc_nano.a(lib_a-impure.o)
                0x20000070                . = ALIGN (0x4)
                0x20000070                _edata = .
                0x08002d54                _siccmram = LOADADDR (.ccmram)

.igot.plt       0x20000070        0x0 load address 0x08002d54
 .igot.plt      0x20000070        0x0 c:/program files (x86)/atollic/truestudio for stm32 9.0.1/armtools/bin/../lib/gcc/arm-atollic-eabi/6.3.1/armv7e-m/fpu/crtbegin.o

.ccmram         0x10000000        0x0 load address 0x08002d54
                0x10000000                . = ALIGN (0x4)
                0x10000000                _sccmram = .
 *(.ccmram)
 *(.ccmram*)
                0x10000000                . = ALIGN (0x4)
                0x10000000                _eccmram = .
                0x10000000                . = ALIGN (0x4)

.bss            0x20000070       0xe4
                0x20000070                _sbss = .
                0x20000070                __bss_start__ = _sbss
 *(.bss)
 .bss           0x20000070       0x1c c:/program files (x86)/atollic/truestudio for stm32 9.0.1/armtools/bin/../lib/gcc/arm-atollic-eabi/6.3.1/armv7e-m/fpu/crtbegin.o
 .bss           0x2000008c       0x25 Inc\CAN\CAN.o
                0x2000008c                RxFIFO_Data
                0x20000094                RXmsg
                0x200000b0                CanRxFlag
 *(.bss*)
 *(COMMON)
 *fill*         0x200000b1        0x3 
 COMMON         0x200000b4        0x4 Drivers\STM32F3xx_HAL_Driver\Src\stm32f3xx_hal.o
                0x200000b4                uwTick
 COMMON         0x200000b8       0x28 Src\can.o
                0x200000b8                hcan
 COMMON         0x200000e0       0x70 Src\usart.o
                0x200000e0                huart2
 COMMON         0x20000150        0x4 c:/program files (x86)/atollic/truestudio for stm32 9.0.1/armtools/bin/../lib/gcc/arm-atollic-eabi/6.3.1/../../../../arm-atollic-eabi/lib/armv7e-m/fpu\libc_nano.a(lib_a-reent.o)
                0x20000150                errno
                0x20000154                . = ALIGN (0x4)
                0x20000154                _ebss = .
                0x20000154                __bss_end__ = _ebss

._user_heap_stack
                0x20000154      0x600
                0x20000154                . = ALIGN (0x4)
                0x20000154                PROVIDE (end, .)
                [!provide]                PROVIDE (_end, .)
                0x20000354                . = (. + _Min_Heap_Size)
 *fill*         0x20000154      0x200 
                0x20000754                . = (. + _Min_Stack_Size)
 *fill*         0x20000354      0x400 
                0x20000754                . = ALIGN (0x4)

/DISCARD/
 libc.a(*)
 libm.a(*)
 libgcc.a(*)

.ARM.attributes
                0x00000000       0x30
 *(.ARM.attributes)
 .ARM.attributes
                0x00000000       0x22 c:/program files (x86)/atollic/truestudio for stm32 9.0.1/armtools/bin/../lib/gcc/arm-atollic-eabi/6.3.1/armv7e-m/fpu/crti.o
 .ARM.attributes
                0x00000022       0x34 c:/program files (x86)/atollic/truestudio for stm32 9.0.1/armtools/bin/../lib/gcc/arm-atollic-eabi/6.3.1/armv7e-m/fpu/crtbegin.o
 .ARM.attributes
                0x00000056       0x39 Drivers\STM32F3xx_HAL_Driver\Src\stm32f3xx_hal.o
 .ARM.attributes
                0x0000008f       0x39 Drivers\STM32F3xx_HAL_Driver\Src\stm32f3xx_hal_can.o
 .ARM.attributes
                0x000000c8       0x39 Drivers\STM32F3xx_HAL_Driver\Src\stm32f3xx_hal_cortex.o
 .ARM.attributes
                0x00000101       0x39 Drivers\STM32F3xx_HAL_Driver\Src\stm32f3xx_hal_gpio.o
 .ARM.attributes
                0x0000013a       0x39 Drivers\STM32F3xx_HAL_Driver\Src\stm32f3xx_hal_rcc.o
 .ARM.attributes
                0x00000173       0x39 Drivers\STM32F3xx_HAL_Driver\Src\stm32f3xx_hal_uart.o
 .ARM.attributes
                0x000001ac       0x39 Inc\Aircylinder\Aircylinder.o
 .ARM.attributes
                0x000001e5       0x39 Inc\Application\Application.o
 .ARM.attributes
                0x0000021e       0x39 Inc\CAN\CAN.o
 .ARM.attributes
                0x00000257       0x39 Src\can.o
 .ARM.attributes
                0x00000290       0x39 Src\gpio.o
 .ARM.attributes
                0x000002c9       0x39 Src\main.o
 .ARM.attributes
                0x00000302       0x39 Src\stm32f3xx_hal_msp.o
 .ARM.attributes
                0x0000033b       0x39 Src\stm32f3xx_it.o
 .ARM.attributes
                0x00000374       0x39 Src\syscalls.o
 .ARM.attributes
                0x000003ad       0x39 Src\system_stm32f3xx.o
 .ARM.attributes
                0x000003e6       0x39 Src\usart.o
 .ARM.attributes
                0x0000041f       0x21 startup\startup_stm32f303x8.o
 .ARM.attributes
                0x00000440       0x34 c:/program files (x86)/atollic/truestudio for stm32 9.0.1/armtools/bin/../lib/gcc/arm-atollic-eabi/6.3.1/../../../../arm-atollic-eabi/lib/armv7e-m/fpu\libc_nano.a(lib_a-errno.o)
 .ARM.attributes
                0x00000474       0x34 c:/program files (x86)/atollic/truestudio for stm32 9.0.1/armtools/bin/../lib/gcc/arm-atollic-eabi/6.3.1/../../../../arm-atollic-eabi/lib/armv7e-m/fpu\libc_nano.a(lib_a-impure.o)
 .ARM.attributes
                0x000004a8       0x34 c:/program files (x86)/atollic/truestudio for stm32 9.0.1/armtools/bin/../lib/gcc/arm-atollic-eabi/6.3.1/../../../../arm-atollic-eabi/lib/armv7e-m/fpu\libc_nano.a(lib_a-init.o)
 .ARM.attributes
                0x000004dc       0x34 c:/program files (x86)/atollic/truestudio for stm32 9.0.1/armtools/bin/../lib/gcc/arm-atollic-eabi/6.3.1/../../../../arm-atollic-eabi/lib/armv7e-m/fpu\libc_nano.a(lib_a-memset.o)
 .ARM.attributes
                0x00000510       0x34 c:/program files (x86)/atollic/truestudio for stm32 9.0.1/armtools/bin/../lib/gcc/arm-atollic-eabi/6.3.1/../../../../arm-atollic-eabi/lib/armv7e-m/fpu\libc_nano.a(lib_a-findfp.o)
 .ARM.attributes
                0x00000544       0x34 c:/program files (x86)/atollic/truestudio for stm32 9.0.1/armtools/bin/../lib/gcc/arm-atollic-eabi/6.3.1/../../../../arm-atollic-eabi/lib/armv7e-m/fpu\libc_nano.a(lib_a-memcpy-stub.o)
 .ARM.attributes
                0x00000578       0x34 c:/program files (x86)/atollic/truestudio for stm32 9.0.1/armtools/bin/../lib/gcc/arm-atollic-eabi/6.3.1/../../../../arm-atollic-eabi/lib/armv7e-m/fpu\libc_nano.a(lib_a-reent.o)
 .ARM.attributes
                0x000005ac       0x34 c:/program files (x86)/atollic/truestudio for stm32 9.0.1/armtools/bin/../lib/gcc/arm-atollic-eabi/6.3.1/armv7e-m/fpu\libgcc.a(unwind-arm.o)
 .ARM.attributes
                0x000005e0       0x22 c:/program files (x86)/atollic/truestudio for stm32 9.0.1/armtools/bin/../lib/gcc/arm-atollic-eabi/6.3.1/armv7e-m/fpu\libgcc.a(libunwind.o)
 .ARM.attributes
                0x00000602       0x34 c:/program files (x86)/atollic/truestudio for stm32 9.0.1/armtools/bin/../lib/gcc/arm-atollic-eabi/6.3.1/armv7e-m/fpu\libgcc.a(pr-support.o)
 .ARM.attributes
                0x00000636       0x34 c:/program files (x86)/atollic/truestudio for stm32 9.0.1/armtools/bin/../lib/gcc/arm-atollic-eabi/6.3.1/../../../../arm-atollic-eabi/lib/armv7e-m/fpu\libc_nano.a(lib_a-abort.o)
 .ARM.attributes
                0x0000066a       0x34 c:/program files (x86)/atollic/truestudio for stm32 9.0.1/armtools/bin/../lib/gcc/arm-atollic-eabi/6.3.1/../../../../arm-atollic-eabi/lib/armv7e-m/fpu\libc_nano.a(lib_a-signal.o)
 .ARM.attributes
                0x0000069e       0x34 c:/program files (x86)/atollic/truestudio for stm32 9.0.1/armtools/bin/../lib/gcc/arm-atollic-eabi/6.3.1/../../../../arm-atollic-eabi/lib/armv7e-m/fpu\libc_nano.a(lib_a-signalr.o)
 .ARM.attributes
                0x000006d2       0x22 c:/program files (x86)/atollic/truestudio for stm32 9.0.1/armtools/bin/../lib/gcc/arm-atollic-eabi/6.3.1/armv7e-m/fpu/crtn.o
OUTPUT(SympleAircylinder.elf elf32-littlearm)

.debug_info     0x00000000    0x13769
 .debug_info    0x00000000     0x102a Drivers\STM32F3xx_HAL_Driver\Src\stm32f3xx_hal.o
 .debug_info    0x0000102a     0x1902 Drivers\STM32F3xx_HAL_Driver\Src\stm32f3xx_hal_can.o
 .debug_info    0x0000292c     0x14be Drivers\STM32F3xx_HAL_Driver\Src\stm32f3xx_hal_cortex.o
 .debug_info    0x00003dea      0xfec Drivers\STM32F3xx_HAL_Driver\Src\stm32f3xx_hal_gpio.o
 .debug_info    0x00004dd6     0x1bc7 Drivers\STM32F3xx_HAL_Driver\Src\stm32f3xx_hal_rcc.o
 .debug_info    0x0000699d     0x2275 Drivers\STM32F3xx_HAL_Driver\Src\stm32f3xx_hal_uart.o
 .debug_info    0x00008c12      0xb53 Inc\Aircylinder\Aircylinder.o
 .debug_info    0x00009765      0xe9d Inc\Application\Application.o
 .debug_info    0x0000a602     0x11ba Inc\CAN\CAN.o
 .debug_info    0x0000b7bc     0x1265 Src\can.o
 .debug_info    0x0000ca21      0xcac Src\gpio.o
 .debug_info    0x0000d6cd     0x197c Src\main.o
 .debug_info    0x0000f049      0xa88 Src\stm32f3xx_hal_msp.o
 .debug_info    0x0000fad1      0xdf3 Src\stm32f3xx_it.o
 .debug_info    0x000108c4      0xfe1 Src\syscalls.o
 .debug_info    0x000118a5      0xc74 Src\system_stm32f3xx.o
 .debug_info    0x00012519     0x11e1 Src\usart.o
 .debug_info    0x000136fa       0x6f startup\startup_stm32f303x8.o

.debug_abbrev   0x00000000     0x2d74
 .debug_abbrev  0x00000000      0x2f5 Drivers\STM32F3xx_HAL_Driver\Src\stm32f3xx_hal.o
 .debug_abbrev  0x000002f5      0x36a Drivers\STM32F3xx_HAL_Driver\Src\stm32f3xx_hal_can.o
 .debug_abbrev  0x0000065f      0x374 Drivers\STM32F3xx_HAL_Driver\Src\stm32f3xx_hal_cortex.o
 .debug_abbrev  0x000009d3      0x268 Drivers\STM32F3xx_HAL_Driver\Src\stm32f3xx_hal_gpio.o
 .debug_abbrev  0x00000c3b      0x358 Drivers\STM32F3xx_HAL_Driver\Src\stm32f3xx_hal_rcc.o
 .debug_abbrev  0x00000f93      0x384 Drivers\STM32F3xx_HAL_Driver\Src\stm32f3xx_hal_uart.o
 .debug_abbrev  0x00001317      0x228 Inc\Aircylinder\Aircylinder.o
 .debug_abbrev  0x0000153f      0x2ad Inc\Application\Application.o
 .debug_abbrev  0x000017ec      0x29f Inc\CAN\CAN.o
 .debug_abbrev  0x00001a8b      0x281 Src\can.o
 .debug_abbrev  0x00001d0c      0x204 Src\gpio.o
 .debug_abbrev  0x00001f10      0x368 Src\main.o
 .debug_abbrev  0x00002278      0x1be Src\stm32f3xx_hal_msp.o
 .debug_abbrev  0x00002436      0x224 Src\stm32f3xx_it.o
 .debug_abbrev  0x0000265a      0x2d9 Src\syscalls.o
 .debug_abbrev  0x00002933      0x1e2 Src\system_stm32f3xx.o
 .debug_abbrev  0x00002b15      0x24d Src\usart.o
 .debug_abbrev  0x00002d62       0x12 startup\startup_stm32f303x8.o

.debug_loc      0x00000000     0x3611
 .debug_loc     0x00000000      0x11b Drivers\STM32F3xx_HAL_Driver\Src\stm32f3xx_hal.o
 .debug_loc     0x0000011b      0xa88 Drivers\STM32F3xx_HAL_Driver\Src\stm32f3xx_hal_can.o
 .debug_loc     0x00000ba3      0x4da Drivers\STM32F3xx_HAL_Driver\Src\stm32f3xx_hal_cortex.o
 .debug_loc     0x0000107d      0x2ba Drivers\STM32F3xx_HAL_Driver\Src\stm32f3xx_hal_gpio.o
 .debug_loc     0x00001337      0x8ea Drivers\STM32F3xx_HAL_Driver\Src\stm32f3xx_hal_rcc.o
 .debug_loc     0x00001c21     0x146f Drivers\STM32F3xx_HAL_Driver\Src\stm32f3xx_hal_uart.o
 .debug_loc     0x00003090       0x58 Src\can.o
 .debug_loc     0x000030e8      0x3ef Src\syscalls.o
 .debug_loc     0x000034d7       0xe2 Src\system_stm32f3xx.o
 .debug_loc     0x000035b9       0x58 Src\usart.o

.debug_aranges  0x00000000      0x778
 .debug_aranges
                0x00000000       0xd8 Drivers\STM32F3xx_HAL_Driver\Src\stm32f3xx_hal.o
 .debug_aranges
                0x000000d8       0xc8 Drivers\STM32F3xx_HAL_Driver\Src\stm32f3xx_hal_can.o
 .debug_aranges
                0x000001a0       0x90 Drivers\STM32F3xx_HAL_Driver\Src\stm32f3xx_hal_cortex.o
 .debug_aranges
                0x00000230       0x58 Drivers\STM32F3xx_HAL_Driver\Src\stm32f3xx_hal_gpio.o
 .debug_aranges
                0x00000288       0x88 Drivers\STM32F3xx_HAL_Driver\Src\stm32f3xx_hal_rcc.o
 .debug_aranges
                0x00000310      0x1a0 Drivers\STM32F3xx_HAL_Driver\Src\stm32f3xx_hal_uart.o
 .debug_aranges
                0x000004b0       0x28 Inc\Aircylinder\Aircylinder.o
 .debug_aranges
                0x000004d8       0x30 Inc\Application\Application.o
 .debug_aranges
                0x00000508       0x30 Inc\CAN\CAN.o
 .debug_aranges
                0x00000538       0x30 Src\can.o
 .debug_aranges
                0x00000568       0x20 Src\gpio.o
 .debug_aranges
                0x00000588       0x50 Src\main.o
 .debug_aranges
                0x000005d8       0x20 Src\stm32f3xx_hal_msp.o
 .debug_aranges
                0x000005f8       0x50 Src\stm32f3xx_it.o
 .debug_aranges
                0x00000648       0xb0 Src\syscalls.o
 .debug_aranges
                0x000006f8       0x28 Src\system_stm32f3xx.o
 .debug_aranges
                0x00000720       0x30 Src\usart.o
 .debug_aranges
                0x00000750       0x28 startup\startup_stm32f303x8.o

.debug_ranges   0x00000000      0x8f8
 .debug_ranges  0x00000000       0xc8 Drivers\STM32F3xx_HAL_Driver\Src\stm32f3xx_hal.o
 .debug_ranges  0x000000c8       0xb8 Drivers\STM32F3xx_HAL_Driver\Src\stm32f3xx_hal_can.o
 .debug_ranges  0x00000180      0x120 Drivers\STM32F3xx_HAL_Driver\Src\stm32f3xx_hal_cortex.o
 .debug_ranges  0x000002a0       0x68 Drivers\STM32F3xx_HAL_Driver\Src\stm32f3xx_hal_gpio.o
 .debug_ranges  0x00000308      0x1d8 Drivers\STM32F3xx_HAL_Driver\Src\stm32f3xx_hal_rcc.o
 .debug_ranges  0x000004e0      0x190 Drivers\STM32F3xx_HAL_Driver\Src\stm32f3xx_hal_uart.o
 .debug_ranges  0x00000670       0x18 Inc\Aircylinder\Aircylinder.o
 .debug_ranges  0x00000688       0x20 Inc\Application\Application.o
 .debug_ranges  0x000006a8       0x20 Inc\CAN\CAN.o
 .debug_ranges  0x000006c8       0x38 Src\can.o
 .debug_ranges  0x00000700       0x40 Src\gpio.o
 .debug_ranges  0x00000740       0x40 Src\main.o
 .debug_ranges  0x00000780       0x28 Src\stm32f3xx_hal_msp.o
 .debug_ranges  0x000007a8       0x40 Src\stm32f3xx_it.o
 .debug_ranges  0x000007e8       0xa0 Src\syscalls.o
 .debug_ranges  0x00000888       0x18 Src\system_stm32f3xx.o
 .debug_ranges  0x000008a0       0x38 Src\usart.o
 .debug_ranges  0x000008d8       0x20 startup\startup_stm32f303x8.o

.debug_line     0x00000000     0x4c48
 .debug_line    0x00000000      0x47d Drivers\STM32F3xx_HAL_Driver\Src\stm32f3xx_hal.o
 .debug_line    0x0000047d      0x685 Drivers\STM32F3xx_HAL_Driver\Src\stm32f3xx_hal_can.o
 .debug_line    0x00000b02      0x45d Drivers\STM32F3xx_HAL_Driver\Src\stm32f3xx_hal_cortex.o
 .debug_line    0x00000f5f      0x46c Drivers\STM32F3xx_HAL_Driver\Src\stm32f3xx_hal_gpio.o
 .debug_line    0x000013cb      0x871 Drivers\STM32F3xx_HAL_Driver\Src\stm32f3xx_hal_rcc.o
 .debug_line    0x00001c3c      0xd12 Drivers\STM32F3xx_HAL_Driver\Src\stm32f3xx_hal_uart.o
 .debug_line    0x0000294e      0x2be Inc\Aircylinder\Aircylinder.o
 .debug_line    0x00002c0c      0x370 Inc\Application\Application.o
 .debug_line    0x00002f7c      0x334 Inc\CAN\CAN.o
 .debug_line    0x000032b0      0x344 Src\can.o
 .debug_line    0x000035f4      0x2aa Src\gpio.o
 .debug_line    0x0000389e      0x418 Src\main.o
 .debug_line    0x00003cb6      0x27e Src\stm32f3xx_hal_msp.o
 .debug_line    0x00003f34      0x2fc Src\stm32f3xx_it.o
 .debug_line    0x00004230      0x3bb Src\syscalls.o
 .debug_line    0x000045eb      0x2b7 Src\system_stm32f3xx.o
 .debug_line    0x000048a2      0x327 Src\usart.o
 .debug_line    0x00004bc9       0x7f startup\startup_stm32f303x8.o

.debug_str      0x00000000     0x2f2d
 .debug_str     0x00000000      0xbe1 Drivers\STM32F3xx_HAL_Driver\Src\stm32f3xx_hal.o
                                0xcd5 (size before relaxing)
 .debug_str     0x00000be1      0x735 Drivers\STM32F3xx_HAL_Driver\Src\stm32f3xx_hal_can.o
                                0xf4a (size before relaxing)
 .debug_str     0x00001316      0x2af Drivers\STM32F3xx_HAL_Driver\Src\stm32f3xx_hal_cortex.o
                                0xdc6 (size before relaxing)
 .debug_str     0x000015c5      0x217 Drivers\STM32F3xx_HAL_Driver\Src\stm32f3xx_hal_gpio.o
                                0x9be (size before relaxing)
 .debug_str     0x000017dc      0x2bb Drivers\STM32F3xx_HAL_Driver\Src\stm32f3xx_hal_rcc.o
                                0xb2b (size before relaxing)
 .debug_str     0x00001a97      0xa43 Drivers\STM32F3xx_HAL_Driver\Src\stm32f3xx_hal_uart.o
                               0x1340 (size before relaxing)
 .debug_str     0x000024da      0x1c1 Inc\Aircylinder\Aircylinder.o
                                0x801 (size before relaxing)
 .debug_str     0x0000269b      0x186 Inc\Application\Application.o
                                0x9c6 (size before relaxing)
 .debug_str     0x00002821       0xf6 Inc\CAN\CAN.o
                                0xd33 (size before relaxing)
 .debug_str     0x00002917       0x48 Src\can.o
                                0xddd (size before relaxing)
 .debug_str     0x0000295f       0x1b Src\gpio.o
                                0x7d6 (size before relaxing)
 .debug_str     0x0000297a      0x1ee Src\main.o
                               0x13b9 (size before relaxing)
 .debug_str     0x00002b68       0x1b Src\stm32f3xx_hal_msp.o
                                0x71e (size before relaxing)
 .debug_str     0x00002b83       0xcc Src\stm32f3xx_it.o
                                0xa27 (size before relaxing)
 .debug_str     0x00002c4f      0x256 Src\syscalls.o
                                0x871 (size before relaxing)
 .debug_str     0x00002ea5       0x5a Src\system_stm32f3xx.o
                                0x7a8 (size before relaxing)
 .debug_str     0x00002eff       0x2e Src\usart.o
                                0xc8b (size before relaxing)

.comment        0x00000000       0x7c
 .comment       0x00000000       0x7c Drivers\STM32F3xx_HAL_Driver\Src\stm32f3xx_hal.o
                                 0x7d (size before relaxing)
 .comment       0x0000007c       0x7d Drivers\STM32F3xx_HAL_Driver\Src\stm32f3xx_hal_can.o
 .comment       0x0000007c       0x7d Drivers\STM32F3xx_HAL_Driver\Src\stm32f3xx_hal_cortex.o
 .comment       0x0000007c       0x7d Drivers\STM32F3xx_HAL_Driver\Src\stm32f3xx_hal_gpio.o
 .comment       0x0000007c       0x7d Drivers\STM32F3xx_HAL_Driver\Src\stm32f3xx_hal_rcc.o
 .comment       0x0000007c       0x7d Drivers\STM32F3xx_HAL_Driver\Src\stm32f3xx_hal_uart.o
 .comment       0x0000007c       0x7d Inc\Aircylinder\Aircylinder.o
 .comment       0x0000007c       0x7d Inc\Application\Application.o
 .comment       0x0000007c       0x7d Inc\CAN\CAN.o
 .comment       0x0000007c       0x7d Src\can.o
 .comment       0x0000007c       0x7d Src\gpio.o
 .comment       0x0000007c       0x7d Src\main.o
 .comment       0x0000007c       0x7d Src\stm32f3xx_hal_msp.o
 .comment       0x0000007c       0x7d Src\stm32f3xx_it.o
 .comment       0x0000007c       0x7d Src\syscalls.o
 .comment       0x0000007c       0x7d Src\system_stm32f3xx.o
 .comment       0x0000007c       0x7d Src\usart.o

.debug_frame    0x00000000     0x1aa8
 .debug_frame   0x00000000      0x1d0 Drivers\STM32F3xx_HAL_Driver\Src\stm32f3xx_hal.o
 .debug_frame   0x000001d0      0x2cc Drivers\STM32F3xx_HAL_Driver\Src\stm32f3xx_hal_can.o
 .debug_frame   0x0000049c      0x120 Drivers\STM32F3xx_HAL_Driver\Src\stm32f3xx_hal_cortex.o
 .debug_frame   0x000005bc       0xd8 Drivers\STM32F3xx_HAL_Driver\Src\stm32f3xx_hal_gpio.o
 .debug_frame   0x00000694      0x14c Drivers\STM32F3xx_HAL_Driver\Src\stm32f3xx_hal_rcc.o
 .debug_frame   0x000007e0      0x568 Drivers\STM32F3xx_HAL_Driver\Src\stm32f3xx_hal_uart.o
 .debug_frame   0x00000d48       0x58 Inc\Aircylinder\Aircylinder.o
 .debug_frame   0x00000da0       0x7c Inc\Application\Application.o
 .debug_frame   0x00000e1c       0x80 Inc\CAN\CAN.o
 .debug_frame   0x00000e9c       0x70 Src\can.o
 .debug_frame   0x00000f0c       0x34 Src\gpio.o
 .debug_frame   0x00000f40      0x10c Src\main.o
 .debug_frame   0x0000104c       0x28 Src\stm32f3xx_hal_msp.o
 .debug_frame   0x00001074       0xc0 Src\stm32f3xx_it.o
 .debug_frame   0x00001134      0x1a8 Src\syscalls.o
 .debug_frame   0x000012dc       0x38 Src\system_stm32f3xx.o
 .debug_frame   0x00001314       0x60 Src\usart.o
 .debug_frame   0x00001374       0x20 c:/program files (x86)/atollic/truestudio for stm32 9.0.1/armtools/bin/../lib/gcc/arm-atollic-eabi/6.3.1/../../../../arm-atollic-eabi/lib/armv7e-m/fpu\libc_nano.a(lib_a-errno.o)
 .debug_frame   0x00001394       0x2c c:/program files (x86)/atollic/truestudio for stm32 9.0.1/armtools/bin/../lib/gcc/arm-atollic-eabi/6.3.1/../../../../arm-atollic-eabi/lib/armv7e-m/fpu\libc_nano.a(lib_a-init.o)
 .debug_frame   0x000013c0       0x20 c:/program files (x86)/atollic/truestudio for stm32 9.0.1/armtools/bin/../lib/gcc/arm-atollic-eabi/6.3.1/../../../../arm-atollic-eabi/lib/armv7e-m/fpu\libc_nano.a(lib_a-memset.o)
 .debug_frame   0x000013e0      0x11c c:/program files (x86)/atollic/truestudio for stm32 9.0.1/armtools/bin/../lib/gcc/arm-atollic-eabi/6.3.1/../../../../arm-atollic-eabi/lib/armv7e-m/fpu\libc_nano.a(lib_a-findfp.o)
 .debug_frame   0x000014fc       0x28 c:/program files (x86)/atollic/truestudio for stm32 9.0.1/armtools/bin/../lib/gcc/arm-atollic-eabi/6.3.1/../../../../arm-atollic-eabi/lib/armv7e-m/fpu\libc_nano.a(lib_a-memcpy-stub.o)
 .debug_frame   0x00001524       0x5c c:/program files (x86)/atollic/truestudio for stm32 9.0.1/armtools/bin/../lib/gcc/arm-atollic-eabi/6.3.1/../../../../arm-atollic-eabi/lib/armv7e-m/fpu\libc_nano.a(lib_a-reent.o)
 .debug_frame   0x00001580      0x2f4 c:/program files (x86)/atollic/truestudio for stm32 9.0.1/armtools/bin/../lib/gcc/arm-atollic-eabi/6.3.1/armv7e-m/fpu\libgcc.a(unwind-arm.o)
 .debug_frame   0x00001874      0x104 c:/program files (x86)/atollic/truestudio for stm32 9.0.1/armtools/bin/../lib/gcc/arm-atollic-eabi/6.3.1/armv7e-m/fpu\libgcc.a(pr-support.o)
 .debug_frame   0x00001978       0x28 c:/program files (x86)/atollic/truestudio for stm32 9.0.1/armtools/bin/../lib/gcc/arm-atollic-eabi/6.3.1/../../../../arm-atollic-eabi/lib/armv7e-m/fpu\libc_nano.a(lib_a-abort.o)
 .debug_frame   0x000019a0       0xcc c:/program files (x86)/atollic/truestudio for stm32 9.0.1/armtools/bin/../lib/gcc/arm-atollic-eabi/6.3.1/../../../../arm-atollic-eabi/lib/armv7e-m/fpu\libc_nano.a(lib_a-signal.o)
 .debug_frame   0x00001a6c       0x3c c:/program files (x86)/atollic/truestudio for stm32 9.0.1/armtools/bin/../lib/gcc/arm-atollic-eabi/6.3.1/../../../../arm-atollic-eabi/lib/armv7e-m/fpu\libc_nano.a(lib_a-signalr.o)
